###############################################################################
#
# IAR ELF Linker V8.32.3.193/W32 for ARM                  23/May/2019  11:04:37
# Copyright 2007-2019 IAR Systems AB.
#
#    Output file  =  
#        C:\Users\Ward\Desktop\RadioGFX\RadioGFX\EWARM\RadioGFX\Exe\RadioGFX.out
#    Map file     =  
#        C:\Users\Ward\Desktop\RadioGFX\RadioGFX\EWARM\RadioGFX\List\RadioGFX.map
#    Command line =  
#        -f C:\Users\Ward\AppData\Local\Temp\EW718B.tmp
#        (C:\Users\Ward\Desktop\RadioGFX\RadioGFX\EWARM\RadioGFX\Obj\ApplicationFontProvider.o
#        C:\Users\Ward\Desktop\RadioGFX\RadioGFX\EWARM\RadioGFX\Obj\background.o
#        C:\Users\Ward\Desktop\RadioGFX\RadioGFX\EWARM\RadioGFX\Obj\BitmapDatabase.o
#        C:\Users\Ward\Desktop\RadioGFX\RadioGFX\EWARM\RadioGFX\Obj\blue_slider_horizontal_medium_slider2_round_back.o
#        C:\Users\Ward\Desktop\RadioGFX\RadioGFX\EWARM\RadioGFX\Obj\BoardConfiguration.o
#        C:\Users\Ward\Desktop\RadioGFX\RadioGFX\EWARM\RadioGFX\Obj\bsp_driver_sd.o
#        C:\Users\Ward\Desktop\RadioGFX\RadioGFX\EWARM\RadioGFX\Obj\btn_round.o
#        C:\Users\Ward\Desktop\RadioGFX\RadioGFX\EWARM\RadioGFX\Obj\btn_round_pressed.o
#        C:\Users\Ward\Desktop\RadioGFX\RadioGFX\EWARM\RadioGFX\Obj\cmsis_os.o
#        C:\Users\Ward\Desktop\RadioGFX\RadioGFX\EWARM\RadioGFX\Obj\croutine.o
#        C:\Users\Ward\Desktop\RadioGFX\RadioGFX\EWARM\RadioGFX\Obj\dark_icons_go_back_32.o
#        C:\Users\Ward\Desktop\RadioGFX\RadioGFX\EWARM\RadioGFX\Obj\dark_icons_go_next_32.o
#        C:\Users\Ward\Desktop\RadioGFX\RadioGFX\EWARM\RadioGFX\Obj\dark_icons_home_48.o
#        C:\Users\Ward\Desktop\RadioGFX\RadioGFX\EWARM\RadioGFX\Obj\dark_icons_play_48.o
#        C:\Users\Ward\Desktop\RadioGFX\RadioGFX\EWARM\RadioGFX\Obj\dark_icons_power_48.o
#        C:\Users\Ward\Desktop\RadioGFX\RadioGFX\EWARM\RadioGFX\Obj\dark_icons_search_48.o
#        C:\Users\Ward\Desktop\RadioGFX\RadioGFX\EWARM\RadioGFX\Obj\dark_icons_settings_48.o
#        C:\Users\Ward\Desktop\RadioGFX\RadioGFX\EWARM\RadioGFX\Obj\dark_slider_horizontal_medium_indicators_slider2_round_nob.o
#        C:\Users\Ward\Desktop\RadioGFX\RadioGFX\EWARM\RadioGFX\Obj\diskio.o
#        C:\Users\Ward\Desktop\RadioGFX\RadioGFX\EWARM\RadioGFX\Obj\Down_arrow.o
#        C:\Users\Ward\Desktop\RadioGFX\RadioGFX\EWARM\RadioGFX\Obj\Down_arrow_pressed.o
#        C:\Users\Ward\Desktop\RadioGFX\RadioGFX\EWARM\RadioGFX\Obj\event_groups.o
#        C:\Users\Ward\Desktop\RadioGFX\RadioGFX\EWARM\RadioGFX\Obj\fatfs.o
#        C:\Users\Ward\Desktop\RadioGFX\RadioGFX\EWARM\RadioGFX\Obj\fatfs_platform.o
#        C:\Users\Ward\Desktop\RadioGFX\RadioGFX\EWARM\RadioGFX\Obj\ff.o
#        C:\Users\Ward\Desktop\RadioGFX\RadioGFX\EWARM\RadioGFX\Obj\ff_gen_drv.o
#        C:\Users\Ward\Desktop\RadioGFX\RadioGFX\EWARM\RadioGFX\Obj\Font_calibri_20_4bpp.o
#        C:\Users\Ward\Desktop\RadioGFX\RadioGFX\EWARM\RadioGFX\Obj\Font_calibri_30_4bpp.o
#        C:\Users\Ward\Desktop\RadioGFX\RadioGFX\EWARM\RadioGFX\Obj\Font_calibri_40_4bpp.o
#        C:\Users\Ward\Desktop\RadioGFX\RadioGFX\EWARM\RadioGFX\Obj\Font_verdana_10_4bpp.o
#        C:\Users\Ward\Desktop\RadioGFX\RadioGFX\EWARM\RadioGFX\Obj\FontGetters.o
#        C:\Users\Ward\Desktop\RadioGFX\RadioGFX\EWARM\RadioGFX\Obj\freertos.o
#        C:\Users\Ward\Desktop\RadioGFX\RadioGFX\EWARM\RadioGFX\Obj\FrontendApplication.o
#        C:\Users\Ward\Desktop\RadioGFX\RadioGFX\EWARM\RadioGFX\Obj\FrontendApplicationBase.o
#        C:\Users\Ward\Desktop\RadioGFX\RadioGFX\EWARM\RadioGFX\Obj\ft5336.o
#        C:\Users\Ward\Desktop\RadioGFX\RadioGFX\EWARM\RadioGFX\Obj\Go_back_Edit.o
#        C:\Users\Ward\Desktop\RadioGFX\RadioGFX\EWARM\RadioGFX\Obj\Go_next_Edit.o
#        C:\Users\Ward\Desktop\RadioGFX\RadioGFX\EWARM\RadioGFX\Obj\GPIO.o
#        C:\Users\Ward\Desktop\RadioGFX\RadioGFX\EWARM\RadioGFX\Obj\heap_4.o
#        C:\Users\Ward\Desktop\RadioGFX\RadioGFX\EWARM\RadioGFX\Obj\Home_Edit.o
#        C:\Users\Ward\Desktop\RadioGFX\RadioGFX\EWARM\RadioGFX\Obj\HW_Init.o
#        C:\Users\Ward\Desktop\RadioGFX\RadioGFX\EWARM\RadioGFX\Obj\Kerning_calibri_20_4bpp.o
#        C:\Users\Ward\Desktop\RadioGFX\RadioGFX\EWARM\RadioGFX\Obj\Kerning_calibri_30_4bpp.o
#        C:\Users\Ward\Desktop\RadioGFX\RadioGFX\EWARM\RadioGFX\Obj\Kerning_calibri_40_4bpp.o
#        C:\Users\Ward\Desktop\RadioGFX\RadioGFX\EWARM\RadioGFX\Obj\Kerning_verdana_10_4bpp.o
#        C:\Users\Ward\Desktop\RadioGFX\RadioGFX\EWARM\RadioGFX\Obj\LanguageGb.o
#        C:\Users\Ward\Desktop\RadioGFX\RadioGFX\EWARM\RadioGFX\Obj\list.o
#        C:\Users\Ward\Desktop\RadioGFX\RadioGFX\EWARM\RadioGFX\Obj\main.o
#        C:\Users\Ward\Desktop\RadioGFX\RadioGFX\EWARM\RadioGFX\Obj\Model.o
#        C:\Users\Ward\Desktop\RadioGFX\RadioGFX\EWARM\RadioGFX\Obj\OSWrappers.o
#        C:\Users\Ward\Desktop\RadioGFX\RadioGFX\EWARM\RadioGFX\Obj\Pause_Edit.o
#        C:\Users\Ward\Desktop\RadioGFX\RadioGFX\EWARM\RadioGFX\Obj\port.o
#        C:\Users\Ward\Desktop\RadioGFX\RadioGFX\EWARM\RadioGFX\Obj\portasm.o
#        C:\Users\Ward\Desktop\RadioGFX\RadioGFX\EWARM\RadioGFX\Obj\Power_Edit.o
#        C:\Users\Ward\Desktop\RadioGFX\RadioGFX\EWARM\RadioGFX\Obj\queue.o
#        C:\Users\Ward\Desktop\RadioGFX\RadioGFX\EWARM\RadioGFX\Obj\Screen1Presenter.o
#        C:\Users\Ward\Desktop\RadioGFX\RadioGFX\EWARM\RadioGFX\Obj\Screen1View.o
#        C:\Users\Ward\Desktop\RadioGFX\RadioGFX\EWARM\RadioGFX\Obj\Screen1ViewBase.o
#        C:\Users\Ward\Desktop\RadioGFX\RadioGFX\EWARM\RadioGFX\Obj\Screen2Presenter.o
#        C:\Users\Ward\Desktop\RadioGFX\RadioGFX\EWARM\RadioGFX\Obj\Screen2View.o
#        C:\Users\Ward\Desktop\RadioGFX\RadioGFX\EWARM\RadioGFX\Obj\Screen2ViewBase.o
#        C:\Users\Ward\Desktop\RadioGFX\RadioGFX\EWARM\RadioGFX\Obj\Screensaver1Presenter.o
#        C:\Users\Ward\Desktop\RadioGFX\RadioGFX\EWARM\RadioGFX\Obj\Screensaver1View.o
#        C:\Users\Ward\Desktop\RadioGFX\RadioGFX\EWARM\RadioGFX\Obj\Screensaver1ViewBase.o
#        C:\Users\Ward\Desktop\RadioGFX\RadioGFX\EWARM\RadioGFX\Obj\Screensaver2Presenter.o
#        C:\Users\Ward\Desktop\RadioGFX\RadioGFX\EWARM\RadioGFX\Obj\Screensaver2View.o
#        C:\Users\Ward\Desktop\RadioGFX\RadioGFX\EWARM\RadioGFX\Obj\Screensaver2ViewBase.o
#        C:\Users\Ward\Desktop\RadioGFX\RadioGFX\EWARM\RadioGFX\Obj\sd_diskio.o
#        C:\Users\Ward\Desktop\RadioGFX\RadioGFX\EWARM\RadioGFX\Obj\Search_Edit.o
#        C:\Users\Ward\Desktop\RadioGFX\RadioGFX\EWARM\RadioGFX\Obj\Settings_Edit.o
#        C:\Users\Ward\Desktop\RadioGFX\RadioGFX\EWARM\RadioGFX\Obj\startup_stm32f746xx.o
#        C:\Users\Ward\Desktop\RadioGFX\RadioGFX\EWARM\RadioGFX\Obj\stm32746g_discovery.o
#        C:\Users\Ward\Desktop\RadioGFX\RadioGFX\EWARM\RadioGFX\Obj\stm32746g_discovery_qspi.o
#        C:\Users\Ward\Desktop\RadioGFX\RadioGFX\EWARM\RadioGFX\Obj\stm32746g_discovery_ts.o
#        C:\Users\Ward\Desktop\RadioGFX\RadioGFX\EWARM\RadioGFX\Obj\STM32F7DMA.o
#        C:\Users\Ward\Desktop\RadioGFX\RadioGFX\EWARM\RadioGFX\Obj\STM32F7HAL.o
#        C:\Users\Ward\Desktop\RadioGFX\RadioGFX\EWARM\RadioGFX\Obj\STM32F7Instrumentation.o
#        C:\Users\Ward\Desktop\RadioGFX\RadioGFX\EWARM\RadioGFX\Obj\STM32F7TouchController.o
#        C:\Users\Ward\Desktop\RadioGFX\RadioGFX\EWARM\RadioGFX\Obj\stm32f7xx_hal.o
#        C:\Users\Ward\Desktop\RadioGFX\RadioGFX\EWARM\RadioGFX\Obj\stm32f7xx_hal_adc.o
#        C:\Users\Ward\Desktop\RadioGFX\RadioGFX\EWARM\RadioGFX\Obj\stm32f7xx_hal_adc_ex.o
#        C:\Users\Ward\Desktop\RadioGFX\RadioGFX\EWARM\RadioGFX\Obj\stm32f7xx_hal_cortex.o
#        C:\Users\Ward\Desktop\RadioGFX\RadioGFX\EWARM\RadioGFX\Obj\stm32f7xx_hal_crc.o
#        C:\Users\Ward\Desktop\RadioGFX\RadioGFX\EWARM\RadioGFX\Obj\stm32f7xx_hal_crc_ex.o
#        C:\Users\Ward\Desktop\RadioGFX\RadioGFX\EWARM\RadioGFX\Obj\stm32f7xx_hal_dcmi.o
#        C:\Users\Ward\Desktop\RadioGFX\RadioGFX\EWARM\RadioGFX\Obj\stm32f7xx_hal_dcmi_ex.o
#        C:\Users\Ward\Desktop\RadioGFX\RadioGFX\EWARM\RadioGFX\Obj\stm32f7xx_hal_dma.o
#        C:\Users\Ward\Desktop\RadioGFX\RadioGFX\EWARM\RadioGFX\Obj\stm32f7xx_hal_dma2d.o
#        C:\Users\Ward\Desktop\RadioGFX\RadioGFX\EWARM\RadioGFX\Obj\stm32f7xx_hal_dma_ex.o
#        C:\Users\Ward\Desktop\RadioGFX\RadioGFX\EWARM\RadioGFX\Obj\stm32f7xx_hal_dsi.o
#        C:\Users\Ward\Desktop\RadioGFX\RadioGFX\EWARM\RadioGFX\Obj\stm32f7xx_hal_eth.o
#        C:\Users\Ward\Desktop\RadioGFX\RadioGFX\EWARM\RadioGFX\Obj\stm32f7xx_hal_exti.o
#        C:\Users\Ward\Desktop\RadioGFX\RadioGFX\EWARM\RadioGFX\Obj\stm32f7xx_hal_flash.o
#        C:\Users\Ward\Desktop\RadioGFX\RadioGFX\EWARM\RadioGFX\Obj\stm32f7xx_hal_flash_ex.o
#        C:\Users\Ward\Desktop\RadioGFX\RadioGFX\EWARM\RadioGFX\Obj\stm32f7xx_hal_gpio.o
#        C:\Users\Ward\Desktop\RadioGFX\RadioGFX\EWARM\RadioGFX\Obj\stm32f7xx_hal_hcd.o
#        C:\Users\Ward\Desktop\RadioGFX\RadioGFX\EWARM\RadioGFX\Obj\stm32f7xx_hal_i2c.o
#        C:\Users\Ward\Desktop\RadioGFX\RadioGFX\EWARM\RadioGFX\Obj\stm32f7xx_hal_i2c_ex.o
#        C:\Users\Ward\Desktop\RadioGFX\RadioGFX\EWARM\RadioGFX\Obj\stm32f7xx_hal_ltdc.o
#        C:\Users\Ward\Desktop\RadioGFX\RadioGFX\EWARM\RadioGFX\Obj\stm32f7xx_hal_ltdc_ex.o
#        C:\Users\Ward\Desktop\RadioGFX\RadioGFX\EWARM\RadioGFX\Obj\stm32f7xx_hal_msp.o
#        C:\Users\Ward\Desktop\RadioGFX\RadioGFX\EWARM\RadioGFX\Obj\stm32f7xx_hal_pwr.o
#        C:\Users\Ward\Desktop\RadioGFX\RadioGFX\EWARM\RadioGFX\Obj\stm32f7xx_hal_pwr_ex.o
#        C:\Users\Ward\Desktop\RadioGFX\RadioGFX\EWARM\RadioGFX\Obj\stm32f7xx_hal_qspi.o
#        C:\Users\Ward\Desktop\RadioGFX\RadioGFX\EWARM\RadioGFX\Obj\stm32f7xx_hal_rcc.o
#        C:\Users\Ward\Desktop\RadioGFX\RadioGFX\EWARM\RadioGFX\Obj\stm32f7xx_hal_rcc_ex.o
#        C:\Users\Ward\Desktop\RadioGFX\RadioGFX\EWARM\RadioGFX\Obj\stm32f7xx_hal_rtc.o
#        C:\Users\Ward\Desktop\RadioGFX\RadioGFX\EWARM\RadioGFX\Obj\stm32f7xx_hal_rtc_ex.o
#        C:\Users\Ward\Desktop\RadioGFX\RadioGFX\EWARM\RadioGFX\Obj\stm32f7xx_hal_sai.o
#        C:\Users\Ward\Desktop\RadioGFX\RadioGFX\EWARM\RadioGFX\Obj\stm32f7xx_hal_sai_ex.o
#        C:\Users\Ward\Desktop\RadioGFX\RadioGFX\EWARM\RadioGFX\Obj\stm32f7xx_hal_sd.o
#        C:\Users\Ward\Desktop\RadioGFX\RadioGFX\EWARM\RadioGFX\Obj\stm32f7xx_hal_sdram.o
#        C:\Users\Ward\Desktop\RadioGFX\RadioGFX\EWARM\RadioGFX\Obj\stm32f7xx_hal_spdifrx.o
#        C:\Users\Ward\Desktop\RadioGFX\RadioGFX\EWARM\RadioGFX\Obj\stm32f7xx_hal_tim.o
#        C:\Users\Ward\Desktop\RadioGFX\RadioGFX\EWARM\RadioGFX\Obj\stm32f7xx_hal_tim_ex.o
#        C:\Users\Ward\Desktop\RadioGFX\RadioGFX\EWARM\RadioGFX\Obj\stm32f7xx_hal_timebase_tim.o
#        C:\Users\Ward\Desktop\RadioGFX\RadioGFX\EWARM\RadioGFX\Obj\stm32f7xx_hal_uart.o
#        C:\Users\Ward\Desktop\RadioGFX\RadioGFX\EWARM\RadioGFX\Obj\stm32f7xx_hal_uart_ex.o
#        C:\Users\Ward\Desktop\RadioGFX\RadioGFX\EWARM\RadioGFX\Obj\stm32f7xx_it.o
#        C:\Users\Ward\Desktop\RadioGFX\RadioGFX\EWARM\RadioGFX\Obj\stm32f7xx_ll_fmc.o
#        C:\Users\Ward\Desktop\RadioGFX\RadioGFX\EWARM\RadioGFX\Obj\stm32f7xx_ll_sdmmc.o
#        C:\Users\Ward\Desktop\RadioGFX\RadioGFX\EWARM\RadioGFX\Obj\stm32f7xx_ll_usb.o
#        C:\Users\Ward\Desktop\RadioGFX\RadioGFX\EWARM\RadioGFX\Obj\stream_buffer.o
#        C:\Users\Ward\Desktop\RadioGFX\RadioGFX\EWARM\RadioGFX\Obj\syscall.o
#        C:\Users\Ward\Desktop\RadioGFX\RadioGFX\EWARM\RadioGFX\Obj\system_stm32f7xx.o
#        C:\Users\Ward\Desktop\RadioGFX\RadioGFX\EWARM\RadioGFX\Obj\Table_calibri_20_4bpp.o
#        C:\Users\Ward\Desktop\RadioGFX\RadioGFX\EWARM\RadioGFX\Obj\Table_calibri_30_4bpp.o
#        C:\Users\Ward\Desktop\RadioGFX\RadioGFX\EWARM\RadioGFX\Obj\Table_calibri_40_4bpp.o
#        C:\Users\Ward\Desktop\RadioGFX\RadioGFX\EWARM\RadioGFX\Obj\Table_verdana_10_4bpp.o
#        C:\Users\Ward\Desktop\RadioGFX\RadioGFX\EWARM\RadioGFX\Obj\tasks.o
#        C:\Users\Ward\Desktop\RadioGFX\RadioGFX\EWARM\RadioGFX\Obj\Texts.o
#        C:\Users\Ward\Desktop\RadioGFX\RadioGFX\EWARM\RadioGFX\Obj\timers.o
#        C:\Users\Ward\Desktop\RadioGFX\RadioGFX\Middlewares\ST\TouchGFX\touchgfx\lib\core\cortex_m7\IAR8.x\touchgfx_core_release.a
#        C:\Users\Ward\Desktop\RadioGFX\RadioGFX\EWARM\RadioGFX\Obj\TypedTextDatabase.o
#        C:\Users\Ward\Desktop\RadioGFX\RadioGFX\EWARM\RadioGFX\Obj\Up_arrow.o
#        C:\Users\Ward\Desktop\RadioGFX\RadioGFX\EWARM\RadioGFX\Obj\Up_arrow_pressed.o
#        C:\Users\Ward\Desktop\RadioGFX\RadioGFX\EWARM\RadioGFX\Obj\usb_host.o
#        C:\Users\Ward\Desktop\RadioGFX\RadioGFX\EWARM\RadioGFX\Obj\usbh_cdc.o
#        C:\Users\Ward\Desktop\RadioGFX\RadioGFX\EWARM\RadioGFX\Obj\usbh_conf.o
#        C:\Users\Ward\Desktop\RadioGFX\RadioGFX\EWARM\RadioGFX\Obj\usbh_core.o
#        C:\Users\Ward\Desktop\RadioGFX\RadioGFX\EWARM\RadioGFX\Obj\usbh_ctlreq.o
#        C:\Users\Ward\Desktop\RadioGFX\RadioGFX\EWARM\RadioGFX\Obj\usbh_ioreq.o
#        C:\Users\Ward\Desktop\RadioGFX\RadioGFX\EWARM\RadioGFX\Obj\usbh_pipes.o
#        C:\Users\Ward\Desktop\RadioGFX\RadioGFX\EWARM\RadioGFX\Obj\usbh_platform.o
#        --redirect _Printf=_PrintfFull --redirect _Scanf=_ScanfFull
#        --no_out_extension -o
#        C:\Users\Ward\Desktop\RadioGFX\RadioGFX\EWARM\RadioGFX\Exe\RadioGFX.out
#        --map
#        C:\Users\Ward\Desktop\RadioGFX\RadioGFX\EWARM\RadioGFX\List\RadioGFX.map
#        --config
#        C:\Users\Ward\Desktop\RadioGFX\RadioGFX\EWARM/stm32f746xx_flash.icf
#        --semihosting --entry __iar_program_start --vfe --text_out locale)
#
###############################################################################

*******************************************************************************
*** RUNTIME MODEL ATTRIBUTES
***

CppFlavor                     = *
__CPP_Exceptions              = Disabled
__CPP_Language                = C++14
__Heap_Handler                = DLMalloc
__SystemLibrary               = DLib
__dlib_dynamic_initialization = normal
__dlib_version                = 6


*******************************************************************************
*** HEAP SELECTION
***

The advanced heap was selected because the application calls memory
allocation functions outside of system library functions, and there
are calls to deallocation functions in the application.


*******************************************************************************
*** PLACEMENT SUMMARY
***

"A0":  place at 0x800'0000 { ro section .intvec };
"P1":  place in [from 0x800'0000 to 0x80f'ffff] { ro };
define block CSTACK with size = 1K, alignment = 8 { };
define block HEAP with size = 512, alignment = 8 { };
"P2":  place in [from 0x2000'0000 to 0x2004'ffff] {
          rw, block CSTACK, block HEAP };
"P3":  place in [from 0x9000'0000 to 0x9010'0000] { section ExtFlashSection };
initialize by copy { rw };

  Section                Kind         Address     Size  Object
  -------                ----         -------     ----  ------
"A0":                                            0x1c8
  .intvec                ro code   0x800'0000    0x1c8  startup_stm32f746xx.o [1]
                                 - 0x800'01c8    0x1c8

"P1":                                          0x176e4
  .text                  ro code   0x800'01c8   0x14e0  dlmalloc.o [2]
  .text                  ro code   0x800'16a8      0x6  abort.o [2]
  .text                  ro code   0x800'16ae     0x7a  lz77_init_single.o [5]
  .text                  ro code   0x800'1728     0x2c  xgetmemchunk.o [2]
  .text                  ro code   0x800'1754     0x14  exit.o [6]
  .text                  ro code   0x800'1768    0xd44  LCD16bpp.o [7]
  .text                  ro code   0x800'24ac    0x350  Bitmap.o [7]
  .text                  ro code   0x800'27fc     0xa6  ABImemcpy.o [5]
  .text                  ro code   0x800'28a2     0x52  Screensaver2ViewBase.o [1]
  .text                  ro code   0x800'28f4     0xb0  DisplayTransformation.o [7]
  .text                  ro code   0x800'29a4    0x85e  LCD.o [7]
  .text                  ro code   0x800'3202     0x10  Screensaver2ViewBase.o [1]
  .text                  ro code   0x800'3212     0x3a  zero_init3.o [5]
  .text                  ro code   0x800'324c    0x134  TextProvider.o [7]
  .text                  ro code   0x800'3380     0x86  LCD.o [7]
  .text                  ro code   0x800'3406     0x1e  Screen1ViewBase.o [1]
  FontFlashSection       const     0x800'3424    0xcc4  Font_calibri_40_4bpp.o [1]
  .text                  ro code   0x800'40e8    0xa34  main.o [1]
  .text                  ro code   0x800'4b1c     0x16  stm32f7xx_hal.o [1]
  .text                  ro code   0x800'4b32     0x1e  Screen2ViewBase.o [1]
  .text                  ro code   0x800'4b50    0x2a4  stm32f7xx_hal_adc.o [1]
  .text                  ro code   0x800'4df4     0x78  stm32f7xx_hal_crc.o [1]
  .text                  ro code   0x800'4e6c     0x90  stm32f7xx_hal_dcmi.o [1]
  .text                  ro code   0x800'4efc    0x3d2  stm32f7xx_hal_eth.o [1]
  .text                  ro code   0x800'52ce     0x1e  Screensaver1ViewBase.o [1]
  .text                  ro code   0x800'52ec    0x580  stm32f7xx_hal_i2c.o [1]
  .text                  ro code   0x800'586c     0x7e  stm32f7xx_hal_i2c_ex.o [1]
  .text                  ro code   0x800'58ea     0x1e  Screensaver1ViewBase.o [1]
  .text                  ro code   0x800'5908     0x70  stm32f7xx_hal_spdifrx.o [1]
  .text                  ro code   0x800'5978    0x732  stm32f7xx_hal_tim.o [1]
  .text                  ro code   0x800'60aa     0x1e  Screensaver2ViewBase.o [1]
  .text                  ro code   0x800'60c8    0x880  stm32f7xx_hal_msp.o [1]
  .text                  ro code   0x800'6948     0xe4  stm32f7xx_hal_tim_ex.o [1]
  .text                  ro code   0x800'6a2c      0x6  ABImemclr4.o [5]
  .text                  ro code   0x800'6a32     0x1e  Screensaver2ViewBase.o [1]
  .text                  ro code   0x800'6a50    0x5c2  stm32f7xx_hal_uart.o [1]
  .text                  ro code   0x800'7012     0x1a  FrontendApplicationBase.o [1]
  .text                  ro code   0x800'702c     0xa4  BoardConfiguration.o [1]
  .text                  ro code   0x800'70d0    0x174  cmsis_os.o [1]
  .text                  ro code   0x800'7244     0x10  stm32f7xx_hal_pwr.o [1]
  .text                  ro code   0x800'7254    0x4f4  stm32f7xx_hal_rcc.o [1]
  .text                  ro code   0x800'7748     0x74  stm32f7xx_hal_pwr_ex.o [1]
  .text                  ro code   0x800'77bc    0x538  stm32f7xx_hal_rcc_ex.o [1]
  .text                  ro code   0x800'7cf4    0x5de  stm32f7xx_hal_qspi.o [1]
  .text                  ro code   0x800'82d2     0x1a  Screen1ViewBase.o [1]
  .text                  ro code   0x800'82ec    0x348  stm32746g_discovery_qspi.o [1]
  .text                  ro code   0x800'8634    0x128  stm32f7xx_hal_cortex.o [1]
  .text                  ro code   0x800'875c    0x40a  stm32f7xx_hal_rtc.o [1]
  .text                  ro code   0x800'8b66     0x1a  Screen1ViewBase.o [1]
  .text                  ro code   0x800'8b80     0x68  stm32f7xx_hal_rtc_ex.o [1]
  .text                  ro code   0x800'8be8    0x21c  stm32f7xx_hal_sai.o [1]
  .text                  ro code   0x800'8e04    0x30c  stm32f7xx_hal_gpio.o [1]
  .text                  ro code   0x800'9110     0x18  fatfs.o [1]
  .text                  ro code   0x800'9128     0x64  usb_host.o [1]
  .text                  ro code   0x800'918c     0x10  stm32f7xx_hal.o [1]
  .text                  ro code   0x800'919c     0x78  stm32f7xx_hal_timebase_tim.o [1]
  .text                  ro code   0x800'9214     0x4c  stm32f7xx_hal_crc_ex.o [1]
  .text                  ro code   0x800'9260      0xc  stm32f7xx_hal.o [1]
  .text                  ro code   0x800'926c     0x28  stm32f7xx_hal.o [1]
  .text                  ro code   0x800'9294      0x2  stm32f7xx_hal_tim.o [1]
  .text                  ro code   0x800'9296      0x2  stm32f7xx_hal_tim.o [1]
  .text                  ro code   0x800'9298      0x2  stm32f7xx_hal_tim_ex.o [1]
  .text                  ro code   0x800'929a      0x2  stm32f7xx_hal_tim_ex.o [1]
  .text                  ro code   0x800'929c      0x2  stm32f7xx_hal_tim.o [1]
  .text                  ro code   0x800'929e      0x2  stm32f7xx_hal_tim_ex.o [1]
  .text                  ro code   0x800'92a0      0x2  stm32f7xx_hal_tim.o [1]
  .text                  ro code   0x800'92a2     0x1a  Screen2ViewBase.o [1]
  .text                  ro code   0x800'92bc     0x3a  ABImemset48.o [5]
  .text                  ro code   0x800'92f6     0x1a  Screensaver1ViewBase.o [1]
  .text                  ro code   0x800'9310    0x30a  STM32F7DMA.o [1]
  .text                  ro code   0x800'961a     0x1a  Screensaver1ViewBase.o [1]
  .text                  ro code   0x800'9634    0x418  HW_Init.o [1]
  .text                  ro code   0x800'9a4c      0x8  GPIO.o [1]
  .text                  ro code   0x800'9a54     0x78  BoardConfiguration.o [1]
  .text                  ro code   0x800'9acc    0x176  STM32F7Instrumentation.o [1]
  .text                  ro code   0x800'9c42     0x1a  Screensaver2ViewBase.o [1]
  .text                  ro code   0x800'9c5c    0x8a8  tasks.o [1]
  .text                  ro code   0x800'a504    0x710  queue.o [1]
  .text                  ro code   0x800'ac14    0x106  I64DivMod_small.o [5]
  .text                  ro code   0x800'ad1a     0x1a  Screensaver2ViewBase.o [1]
  .text                  ro code   0x800'ad34    0x11a  stm32f7xx_hal_dma.o [1]
  .text                  ro code   0x800'ae4e     0x1a  Screensaver2ViewBase.o [1]
  .text                  ro code   0x800'ae68     0x44  ff_gen_drv.o [1]
  .text                  ro code   0x800'aeac    0x4f4  usbh_core.o [1]
  .text                  ro code   0x800'b3a0    0x1f8  DMA.o [7]
  .text                  ro code   0x800'b598     0x28  cxxabi.o [3]
  .text                  ro code   0x800'b5c0    0x312  stm32f7xx_hal_dma2d.o [1]
  .text                  ro code   0x800'b8d2     0x1a  ConstFont.o [7]
  .text                  ro code   0x800'b8ec    0x3fc  stm32f7xx_hal_ltdc.o [1]
  .text                  ro code   0x800'bce8     0x9a  stm32f7xx_hal_sdram.o [1]
  .text                  ro code   0x800'bd82     0x12  Screensaver2ViewBase.o [1]
  .text                  ro code   0x800'bd94     0x2c  BoardConfiguration.o [1]
  .text                  ro code   0x800'bdc0    0x568  HAL.o [7]
  .text                  ro code   0x800'c328      0xc  BitmapDatabase.o [1]
  .text                  ro code   0x800'c334     0x54  Texts.o [1]
  .text                  ro code   0x800'c388      0xc  FontManager.o [7]
  .text                  ro code   0x800'c394     0x58  BoardConfiguration.o [1]
  .text                  ro code   0x800'c3ec    0x694  Application.o [7]
  .text                  ro code   0x800'ca80    0x1c0  heap_4.o [1]
  .text                  ro code   0x800'cc40     0x94  list.o [1]
  .text                  ro code   0x800'ccd4    0x1e4  port.o [1]
  .text                  ro code   0x800'ceb8     0xf8  OSWrappers.o [1]
  .text                  ro code   0x800'cfb0      0x2  I64DivZer.o [5]
  .text                  ro code   0x800'cfb2     0x12  Screensaver2ViewBase.o [1]
  .text                  ro code   0x800'cfc4    0x1f8  usbh_conf.o [1]
  .text                  ro code   0x800'd1bc     0x72  usbh_pipes.o [1]
  .text                  ro code   0x800'd22e      0xa  BoardConfiguration.o [1]
  .text                  ro code   0x800'd238    0x45e  usbh_ctlreq.o [1]
  .text                  ro code   0x800'd696      0xc  memcpy.o [5]
  .text                  ro code   0x800'd6a2      0x2  stm32f7xx_hal_dma2d.o [1]
  .text                  ro code   0x800'd6a4      0x2  stm32f7xx_hal_dma2d.o [1]
  .text                  ro code   0x800'd6a6      0x2  stm32f7xx_hal_ltdc.o [1]
  .text                  ro code   0x800'd6a8    0x16c  STM32F7HAL.o [1]
  .text                  ro code   0x800'd814      0x2  stm32f7xx_hal_ltdc.o [1]
  .text                  ro code   0x800'd816      0xa  Screensaver2ViewBase.o [1]
  .text                  ro code   0x800'd820    0x124  stm32f7xx_ll_fmc.o [1]
  .text                  ro code   0x800'd944     0x20  BoardConfiguration.o [1]
  .text                  ro code   0x800'd964    0x160  Gestures.o [7]
  .text                  ro code   0x800'dac4     0x24  HAL.o [7]
  .text                  ro code   0x800'dae8     0xfc  TouchCalibration.o [7]
  .text                  ro code   0x800'dbe4     0x38  TypedTextDatabase.o [1]
  .text                  ro code   0x800'dc1c      0xc  BoardConfiguration.o [1]
  .text                  ro code   0x800'dc28     0x14  BoardConfiguration.o [1]
  .text                  ro code   0x800'dc3c     0x14  BoardConfiguration.o [1]
  .text                  ro code   0x800'dc50     0x14  BoardConfiguration.o [1]
  .text                  ro code   0x800'dc64     0x18  FrontendApplication.o [1]
  .text                  ro code   0x800'dc7c      0xc  Model.o [1]
  .text                  ro code   0x800'dc88    0x188  FrontendApplicationBase.o [1]
  .text                  ro code   0x800'de10     0x70  stm32_crc_lock.o [7]
  .text                  ro code   0x800'de80    0x664  Screen.o [7]
  .text                  ro code   0x800'e4e4     0x86  BoxWithBorder.o [7]
  .text                  ro code   0x800'e56a     0x44  Application.o [7]
  .text                  ro code   0x800'e5ae     0x50  Application.o [7]
  .text                  ro code   0x800'e5fe     0x44  Screen.o [7]
  .text                  ro code   0x800'e642     0x8c  Application.o [7]
  .text                  ro code   0x800'e6ce     0x28  Application.o [7]
  .text                  ro code   0x800'e6f6      0xa  ConstFont.o [7]
  CODE                   ro code   0x800'e700     0xb4  portasm.o [1]
  .text                  ro code   0x800'e7b4    0x79c  stm32f7xx_hal_hcd.o [1]
  .text                  ro code   0x800'ef50     0x14  usbh_platform.o [1]
  .text                  ro code   0x800'ef64     0x84  usbh_ioreq.o [1]
  .text                  ro code   0x800'efe8     0x10  BoardConfiguration.o [1]
  .text                  ro code   0x800'eff8    0x108  FontGetters.o [1]
  .text                  ro code   0x800'f100     0x1c  BoardConfiguration.o [1]
  .text                  ro code   0x800'f11c      0x8  AbstractPartition.o [7]
  .text                  ro code   0x800'f124     0x20  FrontendApplicationBase.o [1]
  .text                  ro code   0x800'f144     0xe4  FrontendApplicationBase.o [1]
  .text                  ro code   0x800'f228     0x14  FrontendApplicationBase.o [1]
  .text                  ro code   0x800'f23c     0x10  FrontendApplicationBase.o [1]
  .text                  ro code   0x800'f24c     0xe4  FrontendApplicationBase.o [1]
  .text                  ro code   0x800'f330     0xe8  FrontendApplicationBase.o [1]
  .text                  ro code   0x800'f418     0xe4  FrontendApplicationBase.o [1]
  .text                  ro code   0x800'f4fc     0x34  Screen.o [7]
  .text                  ro code   0x800'f530     0x26  Screensaver2ViewBase.o [1]
  .text                  ro code   0x800'f556    0x192  Container.o [7]
  .text                  ro code   0x800'f6e8     0x3e  Screen.o [7]
  .text                  ro code   0x800'f726     0x28  Screen.o [7]
  .text                  ro code   0x800'f74e     0x28  Screen.o [7]
  .text                  ro code   0x800'f776    0x174  Drawable.o [7]
  .text                  ro code   0x800'f8ea      0x6  BoardConfiguration.o [1]
  .text                  ro code   0x800'f8f0     0x20  Screen.o [7]
  .text                  ro code   0x800'f910     0x1c  Screen.o [7]
  .text                  ro code   0x800'f92c    0x64a  stm32f7xx_ll_usb.o [1]
  .text                  ro code   0x800'ff76      0x6  FrontendApplicationBase.o [1]
  .text                  ro code   0x800'ff7c     0x8c  BoardConfiguration.o [1]
  .text                  ro code   0x801'0008     0x96  InternalFlashFont.o [7]
  .text                  ro code   0x801'009e      0xc  BoardConfiguration.o [1]
  .text                  ro code   0x801'00aa      0x6  STM32F7DMA.o [1]
  .text                  ro code   0x801'00b0     0x24  ABIassert.o [6]
  .text                  ro code   0x801'00d4      0x6  FrontendApplicationBase.o [1]
  .text                  ro code   0x801'00da      0x6  STM32F7DMA.o [1]
  .text                  ro code   0x801'00e0     0x18  FrontendApplicationBase.o [1]
  .text                  ro code   0x801'00f8     0xec  Screensaver1View.o [1]
  .text                  ro code   0x801'01e4     0x30  Screensaver1Presenter.o [1]
  .text                  ro code   0x801'0214     0xec  Screensaver2View.o [1]
  .text                  ro code   0x801'0300     0x30  Screensaver2Presenter.o [1]
  .text                  ro code   0x801'0330    0x258  Screen1View.o [1]
  .text                  ro code   0x801'0588     0x30  Screen1Presenter.o [1]
  .text                  ro code   0x801'05b8     0xfc  Screen2View.o [1]
  .text                  ro code   0x801'06b4     0x30  Screen2Presenter.o [1]
  .text                  ro code   0x801'06e4     0x12  BoardConfiguration.o [1]
  .text                  ro code   0x801'06f6     0xbe  ConstFont.o [7]
  .text                  ro code   0x801'07b4     0x18  BoardConfiguration.o [1]
  .text                  ro code   0x801'07cc    0x204  Screensaver1ViewBase.o [1]
  .text                  ro code   0x801'09d0    0x57a  Unicode.o [7]
  .text                  ro code   0x801'0f4a      0x6  STM32F7DMA.o [1]
  .text                  ro code   0x801'0f50    0x204  Screensaver2ViewBase.o [1]
  .text                  ro code   0x801'1154    0x35c  Screen1ViewBase.o [1]
  .text                  ro code   0x801'14b0      0x6  ABImemclr.o [5]
  .text                  ro code   0x801'14b6      0x2  FrontendApplicationBase.o [1]
  .text                  ro code   0x801'14b8     0x12  strcmp.o [5]
  .text                  ro code   0x801'14ca      0x2  FrontendApplicationBase.o [1]
  .text                  ro code   0x801'14cc    0x40c  Screen2ViewBase.o [1]
  .text                  ro code   0x801'18d8     0x14  BoardConfiguration.o [1]
  .text                  ro code   0x801'18ec     0x24  Screensaver2ViewBase.o [1]
  .text                  ro code   0x801'1910     0x6c  Screensaver2ViewBase.o [1]
  .text                  ro code   0x801'197c     0x38  Screensaver2ViewBase.o [1]
  .text                  ro code   0x801'19b4     0x14  Screensaver1ViewBase.o [1]
  .text                  ro code   0x801'19c8     0x14  Screensaver1ViewBase.o [1]
  .text                  ro code   0x801'19dc     0xb0  Color.o [7]
  .text                  ro code   0x801'1a8c     0x18  Screensaver2ViewBase.o [1]
  .text                  ro code   0x801'1aa4     0x1a  Screensaver2ViewBase.o [1]
  .text                  ro code   0x801'1abe      0x2  FrontendApplicationBase.o [1]
  .text                  ro code   0x801'1ac0     0x18  Screensaver2ViewBase.o [1]
  .text                  ro code   0x801'1ad8    0x1d0  TextArea.o [7]
  .text                  ro code   0x801'1ca8      0x6  Screensaver2ViewBase.o [1]
  .text                  ro code   0x801'1cae     0x5a  Screensaver2ViewBase.o [1]
  .text                  ro code   0x801'1d08      0x4  Screensaver1ViewBase.o [1]
  .text                  ro code   0x801'1d0c      0xe  Utils.o [7]
  .text                  ro code   0x801'1d1a      0x2  FrontendApplicationBase.o [1]
  .text                  ro code   0x801'1d1c     0x14  Screensaver2ViewBase.o [1]
  .text                  ro code   0x801'1d30     0x14  Screensaver2ViewBase.o [1]
  .text                  ro code   0x801'1d44      0x4  Screensaver2ViewBase.o [1]
  .text                  ro code   0x801'1d48     0x2c  Screen2ViewBase.o [1]
  .text                  ro code   0x801'1d74     0x6e  ToggleButton.o [7]
  .text                  ro code   0x801'1de2      0x2  FrontendApplicationBase.o [1]
  .text                  ro code   0x801'1de4     0x30  Screen2ViewBase.o [1]
  .text                  ro code   0x801'1e14    0x474  Slider.o [7]
  .text                  ro code   0x801'2288     0x30  Screensaver2ViewBase.o [1]
  .text                  ro code   0x801'22b8     0x14  Screen1ViewBase.o [1]
  .text                  ro code   0x801'22cc     0x14  Screen1ViewBase.o [1]
  .text                  ro code   0x801'22e0     0xea  Image.o [7]
  .text                  ro code   0x801'23ca      0x8  Screen1ViewBase.o [1]
  .text                  ro code   0x801'23d2      0x2  Screen1Presenter.o [1]
  .text                  ro code   0x801'23d4     0xe8  Button.o [7]
  .text                  ro code   0x801'24bc      0x4  Screen1ViewBase.o [1]
  .text                  ro code   0x801'24c0     0x66  ABImemset.o [5]
  .text                  ro code   0x801'2526      0x2  Screen1ViewBase.o [1]
  .text                  ro code   0x801'2528     0x20  Screen2ViewBase.o [1]
  .text                  ro code   0x801'2548    0x1b4  ButtonWithLabel.o [7]
  .text                  ro code   0x801'26fc     0x14  Screen2ViewBase.o [1]
  .text                  ro code   0x801'2710     0x48  Screen2ViewBase.o [1]
  .text                  ro code   0x801'2758      0xe  Screen2ViewBase.o [1]
  .text                  ro code   0x801'2766      0xe  Screen2ViewBase.o [1]
  .text                  ro code   0x801'2774      0xc  Screensaver2ViewBase.o [1]
  .text                  ro code   0x801'2780     0x30  Screensaver2ViewBase.o [1]
  .text                  ro code   0x801'27b0     0x28  Screensaver2ViewBase.o [1]
  .text                  ro code   0x801'27d8     0x48  Screensaver2ViewBase.o [1]
  .text                  ro code   0x801'2820     0x36  Screensaver2ViewBase.o [1]
  .text                  ro code   0x801'2856     0x9e  Screensaver2ViewBase.o [1]
  .text                  ro code   0x801'28f4     0x4e  AbstractButton.o [7]
  .text                  ro code   0x801'2942     0x16  Screensaver2ViewBase.o [1]
  .text                  ro code   0x801'2958     0x24  Screensaver2ViewBase.o [1]
  .text                  ro code   0x801'297c      0xc  Screensaver2ViewBase.o [1]
  .text                  ro code   0x801'2988    0x90c  stm32f7xx_hal_sd.o [1]
  .text                  ro code   0x801'3294    0x538  stm32f7xx_ll_sdmmc.o [1]
  .text                  ro code   0x801'37cc      0x2  stm32f7xx_hal_sd.o [1]
  .text                  ro code   0x801'37ce      0x2  Screen1ViewBase.o [1]
  .text                  ro code   0x801'37d0     0x94  bsp_driver_sd.o [1]
  .text                  ro code   0x801'3864    0x218  sd_diskio.o [1]
  .text                  ro code   0x801'3a7c     0x1c  fatfs_platform.o [1]
  .text                  ro code   0x801'3a98    0x36c  usbh_cdc.o [1]
  .text                  ro code   0x801'3e04      0x4  heaptramp0.o [2]
  .text                  ro code   0x801'3e08      0x2  usbh_cdc.o [1]
  .text                  ro code   0x801'3e0a      0x2  usbh_cdc.o [1]
  FontFlashSection       const     0x801'3e0c    0x354  Font_calibri_30_4bpp.o [1]
  .text                  ro code   0x801'4160    0x2a0  ft5336.o [1]
  .text                  ro code   0x801'4400    0x208  stm32746g_discovery.o [1]
  .text                  ro code   0x801'4608    0x208  stm32746g_discovery_ts.o [1]
  FontFlashSection       const     0x801'4810    0x1ec  Font_calibri_20_4bpp.o [1]
  .rodata                const     0x801'49fc    0x1cc  BitmapDatabase.o [1]
  .text                  ro code   0x801'4bc8    0x1ba  Font.o [7]
  .text                  ro code   0x801'4d82      0x2  Screen1ViewBase.o [1]
  .text                  ro code   0x801'4d84    0x160  BoxWithBorder.o [7]
  FontFlashSection       const     0x801'4ee4     0xe0  Table_calibri_40_4bpp.o [1]
  .rodata                const     0x801'4fc4     0xcc  Slider.o [7]
  .rodata                const     0x801'5090     0xb4  main.o [1]
  .rodata                const     0x801'5144     0xa8  STM32F7HAL.o [1]
  .text                  ro code   0x801'51ec     0xa8  Screensaver2ViewBase.o [1]
  .text                  ro code   0x801'5294     0x20  Screensaver2ViewBase.o [1]
  .rodata                const     0x801'52b4     0xa4  FrontendApplicationBase.o [1]
  .rodata                const     0x801'5358     0xa4  FrontendApplicationBase.o [1]
  .rodata                const     0x801'53fc     0xa4  FrontendApplicationBase.o [1]
  .rodata                const     0x801'54a0     0xa4  FrontendApplicationBase.o [1]
  .rodata                const     0x801'5544     0xa4  FrontendApplicationBase.o [1]
  .rodata                const     0x801'55e8     0xa4  FrontendApplicationBase.o [1]
  .rodata                const     0x801'568c     0xa4  FrontendApplicationBase.o [1]
  .rodata                const     0x801'5730     0xa4  FrontendApplicationBase.o [1]
  .text                  ro code   0x801'57d4     0xa0  Screen2ViewBase.o [1]
  .text                  ro code   0x801'5874     0x9c  STM32F7HAL.o [1]
  .rodata                const     0x801'5910     0x98  Screensaver2ViewBase.o [1]
  .rodata                const     0x801'59a8     0x98  Screensaver2ViewBase.o [1]
  .rodata                const     0x801'5a40     0x98  Screensaver2ViewBase.o [1]
  .rodata                const     0x801'5ad8     0x90  FrontendApplicationBase.o [1]
  .rodata                const     0x801'5b68     0x90  FrontendApplicationBase.o [1]
  .rodata                const     0x801'5bf8     0x90  FrontendApplicationBase.o [1]
  .rodata                const     0x801'5c88     0x90  FrontendApplicationBase.o [1]
  .rodata                const     0x801'5d18     0x90  Container.o [7]
  .rodata                const     0x801'5da8     0x8c  Screensaver2ViewBase.o [1]
  .text                  ro code   0x801'5e34     0x8c  TextAreaWithWildcard.o [7]
  FontFlashSection       const     0x801'5ec0     0x80  Table_calibri_20_4bpp.o [1]
  .rodata                const     0x801'5f40     0x7c  FrontendApplicationBase.o [1]
  .rodata                const     0x801'5fbc     0x7c  FrontendApplicationBase.o [1]
  .rodata                const     0x801'6038     0x7c  FrontendApplicationBase.o [1]
  .rodata                const     0x801'60b4     0x7c  FrontendApplicationBase.o [1]
  .rodata                const     0x801'6130     0x7c  Screen2ViewBase.o [1]
  .rodata                const     0x801'61ac     0x7c  Screensaver2ViewBase.o [1]
  .rodata                const     0x801'6228     0x7c  Screensaver2ViewBase.o [1]
  .rodata                const     0x801'62a4     0x7c  Screensaver2ViewBase.o [1]
  .rodata                const     0x801'6320     0x7c  STM32F7HAL.o [1]
  .rodata                const     0x801'639c     0x7c  TextArea.o [7]
  .rodata                const     0x801'6418     0x74  ToggleButton.o [7]
  .rodata                const     0x801'648c     0x74  Button.o [7]
  .rodata                const     0x801'6500     0x74  ButtonWithLabel.o [7]
  .rodata                const     0x801'6574     0x70  Image.o [7]
  FontFlashSection       const     0x801'65e4     0x70  Table_calibri_30_4bpp.o [1]
  .rodata                const     0x801'6654     0x6c  BoxWithBorder.o [7]
  .rodata                const     0x801'66c0     0x6c  Box.o [7]
  .text                  ro code   0x801'672c     0x66  EasingEquations.o [7]
  .text                  ro code   0x801'6792      0x2  Screen1ViewBase.o [1]
  .text                  ro code   0x801'6794     0x60  system_stm32f7xx.o [1]
  .text                  ro code   0x801'67f4     0x60  Box.o [7]
  .text                  ro code   0x801'6854     0x58  STM32F7HAL.o [1]
  .rodata                const     0x801'68ac     0x54  Screensaver2ViewBase.o [1]
  .rodata                const     0x801'6900     0x4c  Screen1View.o [1]
  .rodata                const     0x801'694c     0x4c  Screen1ViewBase.o [1]
  .rodata                const     0x801'6998     0x4c  Screen2View.o [1]
  .rodata                const     0x801'69e4     0x4c  Screen2ViewBase.o [1]
  .rodata                const     0x801'6a30     0x4c  STM32F7DMA.o [1]
  .rodata                const     0x801'6a7c     0x4c  InternalFlashFont.o [7]
  .text                  ro code   0x801'6ac8     0x46  STM32F7TouchController.o [1]
  .text                  ro code   0x801'6b0e      0x2  Screen1ViewBase.o [1]
  .rodata                const     0x801'6b10     0x44  Screensaver2ViewBase.o [1]
  .text                  ro code   0x801'6b54     0x42  Screensaver2ViewBase.o [1]
  .text                  ro code   0x801'6b96      0x2  Screen1ViewBase.o [1]
  TextFlashSection       const     0x801'6b98     0x40  LanguageGb.o [1]
  .text                  ro code   0x801'6bd8     0x3e  Screen2ViewBase.o [1]
  .text                  ro code   0x801'6c16      0x2  Screen1ViewBase.o [1]
  .rodata                const     0x801'6c18     0x3c  FrontendApplication.o [1]
  .rodata                const     0x801'6c54     0x3c  FrontendApplicationBase.o [1]
  .rodata                const     0x801'6c90     0x3c  FrontendApplicationBase.o [1]
  .rodata                const     0x801'6ccc     0x3c  Application.o [7]
  .rodata                const     0x801'6d08     0x34  BoardConfiguration.o [1]
  .rodata                const     0x801'6d3c     0x34  BoardConfiguration.o [1]
  .rodata                const     0x801'6d70     0x34  BoardConfiguration.o [1]
  .rodata                const     0x801'6da4     0x34  Screen1ViewBase.o [1]
  .rodata                const     0x801'6dd8     0x34  Screen2ViewBase.o [1]
  .rodata                const     0x801'6e0c     0x34  Screensaver1View.o [1]
  .rodata                const     0x801'6e40     0x34  Screensaver1ViewBase.o [1]
  .rodata                const     0x801'6e74     0x34  Screensaver1ViewBase.o [1]
  .rodata                const     0x801'6ea8     0x34  Screensaver2View.o [1]
  .rodata                const     0x801'6edc     0x34  Screensaver2ViewBase.o [1]
  .rodata                const     0x801'6f10     0x34  Screensaver2ViewBase.o [1]
  .rodata                const     0x801'6f44     0x34  LCD16bpp.o [7]
  .rodata                const     0x801'6f78     0x34  Screen.o [7]
  .text                  ro code   0x801'6fac     0x34  stm32f7xx_it.o [1]
  .text                  ro code   0x801'6fe0     0x2a  Screensaver2ViewBase.o [1]
  .text                  ro code   0x801'700a      0x2  Screen2Presenter.o [1]
  .rodata                const     0x801'700c     0x28  Screen1Presenter.o [1]
  .rodata                const     0x801'7034     0x28  Screen2Presenter.o [1]
  .rodata                const     0x801'705c     0x28  Screensaver1Presenter.o [1]
  .rodata                const     0x801'7084     0x28  Screensaver2Presenter.o [1]
  .rodata                const     0x801'70ac     0x28  STM32F7Instrumentation.o [1]
  .rodata                const     0x801'70d4     0x28  Application.o [7]
  .text                  ro code   0x801'70fc     0x28  Screen2ViewBase.o [1]
  .text                  ro code   0x801'7124     0x28  data_init.o [5]
  .rodata                const     0x801'714c     0x24  DMA.o [7]
  .text                  ro code   0x801'7170     0x24  FrontendApplicationBase.o [1]
  .text                  ro code   0x801'7194     0x22  fpinit_M.o [4]
  .iar.init_table        const     0x801'71b8     0x24  - Linker created -
  .text                  ro code   0x801'71dc      0x2  Screen2View.o [1]
  .rodata                const     0x801'71e0     0x20  FrontendApplicationBase.o [1]
  .rodata                const     0x801'7200     0x20  FrontendApplicationBase.o [1]
  .rodata                const     0x801'7220     0x20  STM32F7HAL.o [1]
  .text                  ro code   0x801'7240     0x20  Screensaver2ViewBase.o [1]
  .text                  ro code   0x801'7260     0x20  cmain_call_ctors.o [5]
  .text                  ro code   0x801'7280     0x18  cppinit.o [2]
  TextFlashSection       const     0x801'7298     0x20  TypedTextDatabase.o [1]
  .text                  ro code   0x801'72b8     0x1e  cmain.o [5]
  .text                  ro code   0x801'72d6      0x4  low_level_init.o [2]
  .text                  ro code   0x801'72da      0x4  exit.o [2]
  .text                  ro code   0x801'72de      0x2  Screen2ViewBase.o [1]
  .text                  ro code   0x801'72e0      0xa  cexit.o [5]
  .text                  ro code   0x801'72ea     0x1c  Screen1ViewBase.o [1]
  .text                  ro code   0x801'7306      0x2  Screen2ViewBase.o [1]
  .rodata                const     0x801'7308     0x18  FrontendApplicationBase.o [1]
  .rodata                const     0x801'7320     0x18  Screen1ViewBase.o [1]
  .rodata                const     0x801'7338     0x18  Screen1ViewBase.o [1]
  .rodata                const     0x801'7350     0x18  Screen2ViewBase.o [1]
  .rodata                const     0x801'7368     0x18  Screensaver1ViewBase.o [1]
  .rodata                const     0x801'7380     0x18  Screensaver1ViewBase.o [1]
  .rodata                const     0x801'7398     0x18  Screensaver2Presenter.o [1]
  .rodata                const     0x801'73b0     0x18  Screensaver2ViewBase.o [1]
  .rodata                const     0x801'73c8     0x18  Screensaver2ViewBase.o [1]
  .rodata                const     0x801'73e0     0x18  STM32F7TouchController.o [1]
  .text                  ro code   0x801'73f8     0x18  FrontendApplicationBase.o [1]
  .text                  ro code   0x801'7410     0x18  Screen1ViewBase.o [1]
  .text                  ro code   0x801'7428     0x16  FrontendApplication.o [1]
  .text                  ro code   0x801'743e     0x16  STM32F7HAL.o [1]
  .rodata                const     0x801'7454     0x14  ApplicationFontProvider.o [1]
  .rodata                const     0x801'7468     0x14  BoardConfiguration.o [1]
  .rodata                const     0x801'747c     0x14  BoardConfiguration.o [1]
  .rodata                const     0x801'7490     0x14  sd_diskio.o [1]
  .rodata                const     0x801'74a4     0x14  Gestures.o [7]
  .rodata                const     0x801'74b8     0x14  Gestures.o [7]
  .rodata                const     0x801'74cc     0x14  Gestures.o [7]
  .rodata                const     0x801'74e0     0x10  BoardConfiguration.o [1]
  .rodata                const     0x801'74f0     0x10  Screensaver2Presenter.o [1]
  .text                  ro code   0x801'7500     0x10  startup_stm32f746xx.o [1]
  FontFlashSection       const     0x801'7510     0x10  Table_verdana_10_4bpp.o [1]
  TextFlashSection       const     0x801'7520     0x10  LanguageGb.o [1]
  .rodata                const     0x801'7530      0xc  main.o [1]
  .rodata                const     0x801'753c      0xc  usbh_core.o [1]
  .text                  ro code   0x801'7548      0xc  BoardConfiguration.o [1]
  .text                  ro code   0x801'7554      0xc  Screen1View.o [1]
  .text                  ro code   0x801'7560      0xc  Screen2View.o [1]
  .text                  ro code   0x801'756c      0xc  Screen2View.o [1]
  .text                  ro code   0x801'7578      0xc  STM32F7HAL.o [1]
  .text                  ro code   0x801'7584      0xc  cstartup_M.o [5]
  TextFlashSection       const     0x801'7590      0xc  LanguageGb.o [1]
  TextFlashSection       const     0x801'759c      0xc  LanguageGb.o [1]
  TextFlashSection       const     0x801'75a8      0xc  LanguageGb.o [1]
  TextFlashSection       const     0x801'75b4      0xc  LanguageGb.o [1]
  SHT$$PREINIT_ARRAY               0x801'75c0      0x0  <Block>
  SHT$$INIT_ARRAY                  0x801'75c0      0xc  <Block>
    .init_array          const     0x801'75c0      0x4  BoardConfiguration.o [1]
    .init_array          const     0x801'75c4      0x4  Texts.o [1]
    .init_array          const     0x801'75c8      0x4  TypedTextDatabase.o [1]
  __iar_tls$$INIT_ARRAY            0x801'75cc      0x0  <Block>
  .rodata                const     0x801'75cc      0x8  FrontendApplicationBase.o [1]
  .rodata                const     0x801'75d4      0x8  system_stm32f7xx.o [1]
  .text                  ro code   0x801'75dc      0x8  BoardConfiguration.o [1]
  .text                  ro code   0x801'75e4      0x8  STM32F7HAL.o [1]
  TextFlashSection       const     0x801'75ec      0x8  LanguageGb.o [1]
  TextFlashSection       const     0x801'75f4      0x8  LanguageGb.o [1]
  .rodata                const     0x801'75fc      0x4  usbh_cdc.o [1]
  .text                  ro code   0x801'7600      0x4  BoardConfiguration.o [1]
  .text                  ro code   0x801'7604      0x4  BoardConfiguration.o [1]
  .text                  ro code   0x801'7608      0x4  FrontendApplicationBase.o [1]
  .text                  ro code   0x801'760c      0x4  Screensaver2ViewBase.o [1]
  .text                  ro code   0x801'7610      0x4  Screensaver2ViewBase.o [1]
  .text                  ro code   0x801'7614      0x4  Screensaver2ViewBase.o [1]
  .text                  ro code   0x801'7618      0x4  Screensaver2ViewBase.o [1]
  .text                  ro code   0x801'761c      0x4  Screensaver2ViewBase.o [1]
  .text                  ro code   0x801'7620      0x4  startup_stm32f746xx.o [1]
  .text                  ro code   0x801'7624      0x4  startup_stm32f746xx.o [1]
  .text                  ro code   0x801'7628      0x4  startup_stm32f746xx.o [1]
  .text                  ro code   0x801'762c      0x4  startup_stm32f746xx.o [1]
  .text                  ro code   0x801'7630      0x4  startup_stm32f746xx.o [1]
  .text                  ro code   0x801'7634      0x4  startup_stm32f746xx.o [1]
  .text                  ro code   0x801'7638      0x4  startup_stm32f746xx.o [1]
  .text                  ro code   0x801'763c      0x4  startup_stm32f746xx.o [1]
  .text                  ro code   0x801'7640      0x4  startup_stm32f746xx.o [1]
  .text                  ro code   0x801'7644      0x4  startup_stm32f746xx.o [1]
  .text                  ro code   0x801'7648      0x4  startup_stm32f746xx.o [1]
  .text                  ro code   0x801'764c      0x4  startup_stm32f746xx.o [1]
  .text                  ro code   0x801'7650      0x4  startup_stm32f746xx.o [1]
  .text                  ro code   0x801'7654      0x4  startup_stm32f746xx.o [1]
  .text                  ro code   0x801'7658      0x4  startup_stm32f746xx.o [1]
  .text                  ro code   0x801'765c      0x4  startup_stm32f746xx.o [1]
  .text                  ro code   0x801'7660      0x4  startup_stm32f746xx.o [1]
  .text                  ro code   0x801'7664      0x4  startup_stm32f746xx.o [1]
  .text                  ro code   0x801'7668      0x4  startup_stm32f746xx.o [1]
  .text                  ro code   0x801'766c      0x4  startup_stm32f746xx.o [1]
  .text                  ro code   0x801'7670      0x4  startup_stm32f746xx.o [1]
  .text                  ro code   0x801'7674      0x4  startup_stm32f746xx.o [1]
  .text                  ro code   0x801'7678      0x4  startup_stm32f746xx.o [1]
  .text                  ro code   0x801'767c      0x4  startup_stm32f746xx.o [1]
  .text                  ro code   0x801'7680      0x4  startup_stm32f746xx.o [1]
  .text                  ro code   0x801'7684      0x4  startup_stm32f746xx.o [1]
  .text                  ro code   0x801'7688      0x4  startup_stm32f746xx.o [1]
  .text                  ro code   0x801'768c      0x4  startup_stm32f746xx.o [1]
  .text                  ro code   0x801'7690      0x4  startup_stm32f746xx.o [1]
  .text                  ro code   0x801'7694      0x4  startup_stm32f746xx.o [1]
  .text                  ro code   0x801'7698      0x4  startup_stm32f746xx.o [1]
  .text                  ro code   0x801'769c      0x4  startup_stm32f746xx.o [1]
  .text                  ro code   0x801'76a0      0x4  startup_stm32f746xx.o [1]
  .text                  ro code   0x801'76a4      0x4  startup_stm32f746xx.o [1]
  .text                  ro code   0x801'76a8      0x4  startup_stm32f746xx.o [1]
  .text                  ro code   0x801'76ac      0x4  startup_stm32f746xx.o [1]
  .text                  ro code   0x801'76b0      0x4  startup_stm32f746xx.o [1]
  .text                  ro code   0x801'76b4      0x4  startup_stm32f746xx.o [1]
  .text                  ro code   0x801'76b8      0x4  startup_stm32f746xx.o [1]
  .text                  ro code   0x801'76bc      0x4  startup_stm32f746xx.o [1]
  .text                  ro code   0x801'76c0      0x4  startup_stm32f746xx.o [1]
  .text                  ro code   0x801'76c4      0x4  startup_stm32f746xx.o [1]
  .text                  ro code   0x801'76c8      0x4  startup_stm32f746xx.o [1]
  .text                  ro code   0x801'76cc      0x4  startup_stm32f746xx.o [1]
  .text                  ro code   0x801'76d0      0x4  startup_stm32f746xx.o [1]
  .text                  ro code   0x801'76d4      0x4  startup_stm32f746xx.o [1]
  .text                  ro code   0x801'76d8      0x4  startup_stm32f746xx.o [1]
  .text                  ro code   0x801'76dc      0x4  startup_stm32f746xx.o [1]
  .text                  ro code   0x801'76e0      0x4  startup_stm32f746xx.o [1]
  .text                  ro code   0x801'76e4      0x4  startup_stm32f746xx.o [1]
  .text                  ro code   0x801'76e8      0x4  startup_stm32f746xx.o [1]
  .text                  ro code   0x801'76ec      0x4  startup_stm32f746xx.o [1]
  .text                  ro code   0x801'76f0      0x4  startup_stm32f746xx.o [1]
  .text                  ro code   0x801'76f4      0x4  startup_stm32f746xx.o [1]
  .text                  ro code   0x801'76f8      0x4  startup_stm32f746xx.o [1]
  .text                  ro code   0x801'76fc      0x4  startup_stm32f746xx.o [1]
  .text                  ro code   0x801'7700      0x4  startup_stm32f746xx.o [1]
  .text                  ro code   0x801'7704      0x4  startup_stm32f746xx.o [1]
  .text                  ro code   0x801'7708      0x4  startup_stm32f746xx.o [1]
  .text                  ro code   0x801'770c      0x4  startup_stm32f746xx.o [1]
  .text                  ro code   0x801'7710      0x4  startup_stm32f746xx.o [1]
  .text                  ro code   0x801'7714      0x4  startup_stm32f746xx.o [1]
  .text                  ro code   0x801'7718      0x4  startup_stm32f746xx.o [1]
  .text                  ro code   0x801'771c      0x4  startup_stm32f746xx.o [1]
  .text                  ro code   0x801'7720      0x4  startup_stm32f746xx.o [1]
  .text                  ro code   0x801'7724      0x4  startup_stm32f746xx.o [1]
  .text                  ro code   0x801'7728      0x4  startup_stm32f746xx.o [1]
  .text                  ro code   0x801'772c      0x4  startup_stm32f746xx.o [1]
  .text                  ro code   0x801'7730      0x4  startup_stm32f746xx.o [1]
  .text                  ro code   0x801'7734      0x4  startup_stm32f746xx.o [1]
  .text                  ro code   0x801'7738      0x4  startup_stm32f746xx.o [1]
  .text                  ro code   0x801'773c      0x4  startup_stm32f746xx.o [1]
  .text                  ro code   0x801'7740      0x4  startup_stm32f746xx.o [1]
  .text                  ro code   0x801'7744      0x4  startup_stm32f746xx.o [1]
  .text                  ro code   0x801'7748      0x4  startup_stm32f746xx.o [1]
  .text                  ro code   0x801'774c      0x4  startup_stm32f746xx.o [1]
  .text                  ro code   0x801'7750      0x4  startup_stm32f746xx.o [1]
  .text                  ro code   0x801'7754      0x4  startup_stm32f746xx.o [1]
  .text                  ro code   0x801'7758      0x4  startup_stm32f746xx.o [1]
  .text                  ro code   0x801'775c      0x4  startup_stm32f746xx.o [1]
  .text                  ro code   0x801'7760      0x4  startup_stm32f746xx.o [1]
  .text                  ro code   0x801'7764      0x4  startup_stm32f746xx.o [1]
  .text                  ro code   0x801'7768      0x4  startup_stm32f746xx.o [1]
  .text                  ro code   0x801'776c      0x4  startup_stm32f746xx.o [1]
  .text                  ro code   0x801'7770      0x4  startup_stm32f746xx.o [1]
  .text                  ro code   0x801'7774      0x4  startup_stm32f746xx.o [1]
  .text                  ro code   0x801'7778      0x4  startup_stm32f746xx.o [1]
  .text                  ro code   0x801'777c      0x4  startup_stm32f746xx.o [1]
  .text                  ro code   0x801'7780      0x4  startup_stm32f746xx.o [1]
  .text                  ro code   0x801'7784      0x4  startup_stm32f746xx.o [1]
  .text                  ro code   0x801'7788      0x4  startup_stm32f746xx.o [1]
  .text                  ro code   0x801'778c      0x4  startup_stm32f746xx.o [1]
  .text                  ro code   0x801'7790      0x4  startup_stm32f746xx.o [1]
  .text                  ro code   0x801'7794      0x4  STM32F7Instrumentation.o [1]
  .text                  ro code   0x801'7798      0x4  STM32F7Instrumentation.o [1]
  .text                  ro code   0x801'779c      0x4  LCD16bpp.o [7]
  .text                  ro code   0x801'77a0      0x4  ButtonWithLabel.o [7]
  .text                  ro code   0x801'77a4      0x4  ConstFont.o [7]
  .text                  ro code   0x801'77a8      0x4  ConstFont.o [7]
  .text                  ro code   0x801'77ac      0x4  ConstFont.o [7]
  .text                  ro code   0x801'77b0      0x4  ConstFont.o [7]
  FontFlashSection       const     0x801'77b4      0x4  Kerning_calibri_20_4bpp.o [1]
  FontFlashSection       const     0x801'77b8      0x4  Kerning_calibri_30_4bpp.o [1]
  FontFlashSection       const     0x801'77bc      0x4  Kerning_calibri_40_4bpp.o [1]
  FontFlashSection       const     0x801'77c0      0x4  Kerning_verdana_10_4bpp.o [1]
  TextFlashSection       const     0x801'77c4      0x4  Texts.o [1]
  TextFlashSection       const     0x801'77c8      0x4  TypedTextDatabase.o [1]
  .text                  ro code   0x801'77cc      0x2  Screen2ViewBase.o [1]
  .text                  ro code   0x801'77ce      0x2  Screen2ViewBase.o [1]
  .text                  ro code   0x801'77d0      0x2  Screen2ViewBase.o [1]
  .text                  ro code   0x801'77d2      0x2  Screen2ViewBase.o [1]
  .text                  ro code   0x801'77d4      0x2  Screen2ViewBase.o [1]
  .text                  ro code   0x801'77d6      0x2  Screen2ViewBase.o [1]
  .text                  ro code   0x801'77d8      0x2  Screensaver1Presenter.o [1]
  .text                  ro code   0x801'77da      0x2  Screensaver1View.o [1]
  .text                  ro code   0x801'77dc      0x2  Screensaver1ViewBase.o [1]
  .text                  ro code   0x801'77de      0x2  Screensaver1ViewBase.o [1]
  .text                  ro code   0x801'77e0      0x2  Screensaver2Presenter.o [1]
  .text                  ro code   0x801'77e2      0x2  Screensaver2Presenter.o [1]
  .text                  ro code   0x801'77e4      0x2  Screensaver2Presenter.o [1]
  .text                  ro code   0x801'77e6      0x2  Screensaver2Presenter.o [1]
  .text                  ro code   0x801'77e8      0x2  Screensaver2View.o [1]
  .text                  ro code   0x801'77ea      0x2  Screensaver2ViewBase.o [1]
  .text                  ro code   0x801'77ec      0x2  Screensaver2ViewBase.o [1]
  .text                  ro code   0x801'77ee      0x2  Screensaver2ViewBase.o [1]
  .text                  ro code   0x801'77f0      0x2  Screensaver2ViewBase.o [1]
  .text                  ro code   0x801'77f2      0x2  Screensaver2ViewBase.o [1]
  .text                  ro code   0x801'77f4      0x2  Screensaver2ViewBase.o [1]
  .text                  ro code   0x801'77f6      0x2  Screensaver2ViewBase.o [1]
  .text                  ro code   0x801'77f8      0x2  Screensaver2ViewBase.o [1]
  .text                  ro code   0x801'77fa      0x2  Screensaver2ViewBase.o [1]
  .text                  ro code   0x801'77fc      0x2  Screensaver2ViewBase.o [1]
  .text                  ro code   0x801'77fe      0x2  Screensaver2ViewBase.o [1]
  .text                  ro code   0x801'7800      0x2  Screensaver2ViewBase.o [1]
  .text                  ro code   0x801'7802      0x2  Screensaver2ViewBase.o [1]
  .text                  ro code   0x801'7804      0x2  Application.o [7]
  .text                  ro code   0x801'7806      0x2  Application.o [7]
  .text                  ro code   0x801'7808      0x2  Application.o [7]
  .text                  ro code   0x801'780a      0x2  Application.o [7]
  .text                  ro code   0x801'780c      0x2  Application.o [7]
  .text                  ro code   0x801'780e      0x2  Screen.o [7]
  .rodata                const     0x801'7810      0x1  unwind_debug.o [6]
  FontFlashSection       const     0x801'7811      0x1  Font_verdana_10_4bpp.o [1]
  .rodata                const     0x801'7812      0x0  zero_init3.o [5]
  .rodata                const     0x801'7812      0x0  lz77_init_single.o [5]
  Initializer bytes      const     0x801'7812     0x9a  <for P2-1>
                                 - 0x801'78ac  0x176e4

"P2", part 1 of 3:                               0xd58
  P2-1                            0x2000'0000    0xd58  <Init block>
    .data                inited   0x2000'0000      0x8  BoardConfiguration.o [1]
    .data                inited   0x2000'0008    0xab8  BoardConfiguration.o [1]
    .data                inited   0x2000'0ac0     0x28  ft5336.o [1]
    .data                inited   0x2000'0ae8      0x9  OSWrappers.o [1]
    .data                inited   0x2000'0af4      0xc  port.o [1]
    .data                inited   0x2000'0b00    0x208  sd_diskio.o [1]
    .data                inited   0x2000'0d08      0xc  stm32f7xx_hal.o [1]
    .data                inited   0x2000'0d14      0x4  system_stm32f7xx.o [1]
    .data                inited   0x2000'0d18      0x8  Texts.o [1]
    .data                inited   0x2000'0d20      0x8  Texts.o [1]
    .data                inited   0x2000'0d28     0x20  usbh_cdc.o [1]
    .data                inited   0x2000'0d48     0x10  Application.o [7]
                                - 0x2000'0d58    0xd58

"P2", part 2 of 3:                              0x99c4
  .bss                   zero     0x2000'0d58   0x8018  heap_4.o [1]
  .bss                   zero     0x2000'8d70    0x5ac  BoardConfiguration.o [1]
  .bss                   zero     0x2000'931c    0x470  main.o [1]
  .bss                   zero     0x2000'978c    0x3d8  usb_host.o [1]
  .bss                   zero     0x2000'9b64    0x2c4  usbh_conf.o [1]
  .bss                   zero     0x2000'9e28    0x1d8  dlmalloc.o [2]
  .bss                   zero     0x2000'a000    0x108  main.o [1]
  .bss                   zero     0x2000'a108     0xa8  HW_Init.o [1]
  .bss                   zero     0x2000'a1b0     0xa0  tasks.o [1]
  .bss                   zero     0x2000'a250     0x8c  tasks.o [1]
  .bss                   zero     0x2000'a2dc     0x6c  BoardConfiguration.o [1]
  .bss                   zero     0x2000'a348     0x4c  main.o [1]
  .bss                   zero     0x2000'a394     0x4c  stm32746g_discovery.o [1]
  .bss                   zero     0x2000'a3e0     0x4c  stm32746g_discovery_qspi.o [1]
  .bss                   zero     0x2000'a42c     0x4c  TouchCalibration.o [7]
  .bss                   zero     0x2000'a478     0x44  HW_Init.o [1]
  .bss                   zero     0x2000'a4bc     0x40  HW_Init.o [1]
  .bss                   zero     0x2000'a4fc     0x40  STM32F7Instrumentation.o [1]
  .bss                   zero     0x2000'a53c     0x40  stm32f7xx_hal_timebase_tim.o [1]
  .bss                   zero     0x2000'a57c     0x34  stm32746g_discovery_ts.o [1]
  .bss                   zero     0x2000'a5b0     0x24  FontGetters.o [1]
  .bss                   zero     0x2000'a5d4     0x24  FontGetters.o [1]
  .bss                   zero     0x2000'a5f8     0x24  FontGetters.o [1]
  .bss                   zero     0x2000'a61c     0x24  FontGetters.o [1]
  .bss                   zero     0x2000'a640     0x24  Bitmap.o [7]
  .bss                   zero     0x2000'a664     0x20  main.o [1]
  .bss                   zero     0x2000'a684     0x18  dlmalloc.o [2]
  .bss                   zero     0x2000'a69c     0x10  TypedTextDatabase.o [1]
  .bss                   zero     0x2000'a6ac     0x10  HAL.o [7]
  .bss                   zero     0x2000'a6bc      0xc  ff_gen_drv.o [1]
  .bss                   zero     0x2000'a6c8      0x8  fatfs.o [1]
  .bss                   zero     0x2000'a6d0      0x8  Texts.o [1]
  .bss                   zero     0x2000'a6d8      0x8  Texts.o [1]
  .bss                   zero     0x2000'a6e0      0x8  Texts.o [1]
  .bss                   zero     0x2000'a6e8      0x6  ft5336.o [1]
  .bss                   zero     0x2000'a6ee      0x2  HAL.o [7]
  .bss                   zero     0x2000'a6f0      0x4  HW_Init.o [1]
  .bss                   zero     0x2000'a6f4      0x4  STM32F7HAL.o [1]
  .bss                   zero     0x2000'a6f8      0x4  stm32f7xx_hal_msp.o [1]
  .bss                   zero     0x2000'a6fc      0x4  stm32f7xx_ll_usb.o [1]
  .bss                   zero     0x2000'a700      0x4  FontManager.o [7]
  .bss                   zero     0x2000'a704      0x4  TypedText.o [7]
  .bss                   zero     0x2000'a708      0x4  TypedText.o [7]
  .bss                   zero     0x2000'a70c      0x4  TypedText.o [7]
  .bss                   zero     0x2000'a710      0x4  xgetmemchunk.o [2]
  .bss                   zero     0x2000'a714      0x2  TypedText.o [7]
  .bss                   zero     0x2000'a716      0x1  BoardConfiguration.o [1]
  .bss                   zero     0x2000'a717      0x1  STM32F7DMA.o [1]
  .bss                   zero     0x2000'a718      0x1  usb_host.o [1]
                                - 0x2000'a719   0x99c1

"P2", part 3 of 3:                               0x600
  CSTACK                          0x2000'a720    0x400  <Block>
    CSTACK               uninit   0x2000'a720    0x400  <Block tail>
  HEAP                            0x2000'ab20    0x200  <Block>
    HEAP                 uninit   0x2000'ab20    0x200  <Block tail>
                                - 0x2000'ad20    0x600

"P3":                                          0x6e640
  ExtFlashSection        const    0x9000'0000  0x3fc00  background.o [1]
  ExtFlashSection        const    0x9003'fc00   0x67c0  blue_slider_horizontal_medium_slider2_round_back.o [1]
  ExtFlashSection        const    0x9004'63c0   0x5af0  btn_round.o [1]
  ExtFlashSection        const    0x9004'beb0   0x5af0  btn_round_pressed.o [1]
  ExtFlashSection        const    0x9005'19a0   0x2400  dark_icons_power_48.o [1]
  ExtFlashSection        const    0x9005'3da0   0x2400  dark_icons_search_48.o [1]
  ExtFlashSection        const    0x9005'61a0   0x2400  dark_icons_settings_48.o [1]
  ExtFlashSection        const    0x9005'85a0   0x2400  Power_Edit.o [1]
  ExtFlashSection        const    0x9005'a9a0   0x2400  Search_Edit.o [1]
  ExtFlashSection        const    0x9005'cda0   0x2400  Settings_Edit.o [1]
  ExtFlashSection        const    0x9005'f1a0   0x2340  dark_icons_home_48.o [1]
  ExtFlashSection        const    0x9006'14e0   0x2340  Home_Edit.o [1]
  ExtFlashSection        const    0x9006'3820   0x1cb0  dark_slider_horizontal_medium_indicators_slider2_round_nob.o [1]
  ExtFlashSection        const    0x9006'54d0   0x17b8  dark_icons_play_48.o [1]
  ExtFlashSection        const    0x9006'6c88   0x17b8  Pause_Edit.o [1]
  ExtFlashSection        const    0x9006'8440    0xf00  dark_icons_go_back_32.o [1]
  ExtFlashSection        const    0x9006'9340    0xf00  dark_icons_go_next_32.o [1]
  ExtFlashSection        const    0x9006'a240    0xf00  Go_back_Edit.o [1]
  ExtFlashSection        const    0x9006'b140    0xf00  Go_next_Edit.o [1]
  ExtFlashSection        const    0x9006'c040    0x980  Down_arrow.o [1]
  ExtFlashSection        const    0x9006'c9c0    0x980  Down_arrow_pressed.o [1]
  ExtFlashSection        const    0x9006'd340    0x980  Up_arrow.o [1]
  ExtFlashSection        const    0x9006'dcc0    0x980  Up_arrow_pressed.o [1]
                                - 0x9006'e640  0x6e640

Unused ranges:

         From           To      Size
         ----           --      ----
   0x801'78ac   0x80f'ffff  0xe'8754
  0x2000'a71c  0x2000'a71f       0x4
  0x2000'ad20  0x2004'ffff  0x4'52e0
  0x9006'e640  0x9010'0000  0x9'19c1


*******************************************************************************
*** INIT TABLE
***

          Address      Size
          -------      ----
Zero (__iar_zero_init3)
    1 destination range, total size 0x99c1:
          0x2000'0d58  0x99c1

Copy/lz77 (__iar_lz77_init_single3)
    1 source range, total size 0x9a (4% of destination):
           0x801'7812    0x9a
    1 destination range, total size 0xd58:
          0x2000'0000   0xd58

Extra (__iar_cstart_call_ctors)



*******************************************************************************
*** MODULE SUMMARY
***

    Module                                                        ro code  ro data  rw data
    ------                                                        -------  -------  -------
command line/config:
    ---------------------------------------------------------------------------------------
    Total:

C:\Users\Ward\Desktop\RadioGFX\RadioGFX\EWARM\RadioGFX\Obj: [1]
    ApplicationFontProvider.o                                                   20
    BitmapDatabase.o                                                   12      460
    BoardConfiguration.o                                              822      340    4 313
    Down_arrow.o                                                             2 432
    Down_arrow_pressed.o                                                     2 432
    FontGetters.o                                                     264               144
    Font_calibri_20_4bpp.o                                                     492
    Font_calibri_30_4bpp.o                                                     852
    Font_calibri_40_4bpp.o                                                   3 268
    Font_verdana_10_4bpp.o                                                       1
    FrontendApplication.o                                              46       60
    FrontendApplicationBase.o                                       1 512    2 600
    GPIO.o                                                              8
    Go_back_Edit.o                                                           3 840
    Go_next_Edit.o                                                           3 840
    HW_Init.o                                                       1 048               304
    Home_Edit.o                                                              9 024
    Kerning_calibri_20_4bpp.o                                                    4
    Kerning_calibri_30_4bpp.o                                                    4
    Kerning_calibri_40_4bpp.o                                                    4
    Kerning_verdana_10_4bpp.o                                                    4
    LanguageGb.o                                                               144
    Model.o                                                            12
    OSWrappers.o                                                      248        1        9
    Pause_Edit.o                                                             6 072
    Power_Edit.o                                                             9 216
    STM32F7DMA.o                                                      796       76        1
    STM32F7HAL.o                                                      650      324        4
    STM32F7Instrumentation.o                                          382       40       64
    STM32F7TouchController.o                                           70       24
    Screen1Presenter.o                                                 50       40
    Screen1View.o                                                     612       76
    Screen1ViewBase.o                                               1 060      176
    Screen2Presenter.o                                                 50       40
    Screen2View.o                                                     278       76
    Screen2ViewBase.o                                               1 614      276
    Screensaver1Presenter.o                                            50       40
    Screensaver1View.o                                                238       52
    Screensaver1ViewBase.o                                            676      152
    Screensaver2Presenter.o                                            56       80
    Screensaver2View.o                                                238       52
    Screensaver2ViewBase.o                                          2 138    1 272
    Search_Edit.o                                                            9 216
    Settings_Edit.o                                                          9 216
    Table_calibri_20_4bpp.o                                                    128
    Table_calibri_30_4bpp.o                                                    112
    Table_calibri_40_4bpp.o                                                    224
    Table_verdana_10_4bpp.o                                                     16
    Texts.o                                                            84        8       40
    TypedTextDatabase.o                                                56       40       16
    Up_arrow.o                                                               2 432
    Up_arrow_pressed.o                                                       2 432
    background.o                                                           261 120
    blue_slider_horizontal_medium_slider2_round_back.o                      26 560
    bsp_driver_sd.o                                                   148
    btn_round.o                                                             23 280
    btn_round_pressed.o                                                     23 280
    cmsis_os.o                                                        372
    dark_icons_go_back_32.o                                                  3 840
    dark_icons_go_next_32.o                                                  3 840
    dark_icons_home_48.o                                                     9 024
    dark_icons_play_48.o                                                     6 072
    dark_icons_power_48.o                                                    9 216
    dark_icons_search_48.o                                                   9 216
    dark_icons_settings_48.o                                                 9 216
    dark_slider_horizontal_medium_indicators_slider2_round_nob.o             7 344
    fatfs.o                                                            24                 8
    fatfs_platform.o                                                   28
    ff_gen_drv.o                                                       68                12
    ft5336.o                                                          672        1       46
    heap_4.o                                                          448            32 792
    list.o                                                            148
    main.o                                                          2 612      192    1 508
    port.o                                                            484                12
    portasm.o                                                         180
    queue.o                                                         1 808
    sd_diskio.o                                                       536       44      520
    startup_stm32f746xx.o                                             844
    stm32746g_discovery.o                                             520                76
    stm32746g_discovery_qspi.o                                        840                76
    stm32746g_discovery_ts.o                                          520                52
    stm32f7xx_hal.o                                                    90                12
    stm32f7xx_hal_adc.o                                               676
    stm32f7xx_hal_cortex.o                                            296
    stm32f7xx_hal_crc.o                                               120
    stm32f7xx_hal_crc_ex.o                                             76
    stm32f7xx_hal_dcmi.o                                              144
    stm32f7xx_hal_dma.o                                               282
    stm32f7xx_hal_dma2d.o                                             790
    stm32f7xx_hal_eth.o                                               978
    stm32f7xx_hal_gpio.o                                              780
    stm32f7xx_hal_hcd.o                                             1 948
    stm32f7xx_hal_i2c.o                                             1 408
    stm32f7xx_hal_i2c_ex.o                                            126
    stm32f7xx_hal_ltdc.o                                            1 024
    stm32f7xx_hal_msp.o                                             2 176                 4
    stm32f7xx_hal_pwr.o                                                16
    stm32f7xx_hal_pwr_ex.o                                            116
    stm32f7xx_hal_qspi.o                                            1 502
    stm32f7xx_hal_rcc.o                                             1 268
    stm32f7xx_hal_rcc_ex.o                                          1 336
    stm32f7xx_hal_rtc.o                                             1 034
    stm32f7xx_hal_rtc_ex.o                                            104
    stm32f7xx_hal_sai.o                                               540
    stm32f7xx_hal_sd.o                                              2 318
    stm32f7xx_hal_sdram.o                                             154
    stm32f7xx_hal_spdifrx.o                                           112
    stm32f7xx_hal_tim.o                                             1 850
    stm32f7xx_hal_tim_ex.o                                            234
    stm32f7xx_hal_timebase_tim.o                                      120                64
    stm32f7xx_hal_uart.o                                            1 474
    stm32f7xx_it.o                                                     52
    stm32f7xx_ll_fmc.o                                                292
    stm32f7xx_ll_sdmmc.o                                            1 336
    stm32f7xx_ll_usb.o                                              1 610                 4
    system_stm32f7xx.o                                                 96        9        4
    tasks.o                                                         2 216               300
    usb_host.o                                                        100               985
    usbh_cdc.o                                                        880        6       32
    usbh_conf.o                                                       504               708
    usbh_core.o                                                     1 268       12
    usbh_ctlreq.o                                                   1 118
    usbh_ioreq.o                                                      132
    usbh_pipes.o                                                      114
    usbh_platform.o                                                    20
    ---------------------------------------------------------------------------------------
    Total:                                                         56 152  464 002   42 110

dl7M_tlf.a: [2]
    abort.o                                                             6
    cppinit.o                                                          24
    dlmalloc.o                                                      5 344               496
    exit.o                                                              4
[...]
touchgfx::Screen::bindTransition(touchgfx::Transition &)
                         0x800'e491      0xc  Code  Gb  Screen.o [7]
touchgfx::Screen::draw()
                         0x800'df03     0x26  Code  Gb  Screen.o [7]
touchgfx::Screen::draw(touchgfx::Rect &)
                         0x800'dec1     0x42  Code  Gb  Screen.o [7]
touchgfx::Screen::handleClickEvent(touchgfx::ClickEvent const &)
                         0x800'e167    0x1ce  Code  Gb  Screen.o [7]
touchgfx::Screen::handleClickEvent(touchgfx::ClickEvent const &){2}{3}{4}::samplePoints
                         0x800'e49c     0x48  Data  Lc  Screen.o [7]
touchgfx::Screen::handleDragEvent(touchgfx::DragEvent const &)
                         0x800'e335     0xf6  Code  Gb  Screen.o [7]
touchgfx::Screen::handleGestureEvent(touchgfx::GestureEvent const &)
                         0x800'e445     0x4c  Code  Gb  Screen.o [7]
touchgfx::Screen::handleKeyEvent(unsigned char)
                         0x801'77fb      0x2  Code  Gb  Screensaver2ViewBase.o [1]
touchgfx::Screen::handleTickEvent()
                         0x801'77f9      0x2  Code  Gb  Screensaver2ViewBase.o [1]
touchgfx::Screen::setupScreen()
                         0x801'77f3      0x2  Code  Gb  Screensaver2ViewBase.o [1]
touchgfx::Screen::startSMOC(touchgfx::Rect &)
                         0x800'df29     0x24  Code  Gb  Screen.o [7]
touchgfx::Screen::tearDownScreen()
                         0x801'77f7      0x2  Code  Gb  Screensaver2ViewBase.o [1]
touchgfx::Screen::~Screen()
                         0x801'780f      0x2  Code  Gb  Screen.o [7]
touchgfx::Slider::Slider()
                         0x801'1e15     0xb6  Code  Gb  Slider.o [7]
touchgfx::Slider::getIndicatorPositionRangeSize() const
                         0x801'226f     0x10  Code  Gb  Slider.o [7]
touchgfx::Slider::getIndicatorRadius() const
                         0x801'2223     0x20  Code  Gb  Slider.o [7]
touchgfx::Slider::getValueRangeSize() const
                         0x801'227f      0xa  Code  Gb  Slider.o [7]
touchgfx::Slider::handleClickEvent(touchgfx::ClickEvent const &)
                         0x801'1fc9     0x7e  Code  Gb  Slider.o [7]
touchgfx::Slider::handleDragEvent(touchgfx::DragEvent const &)
                         0x801'2047     0x30  Code  Gb  Slider.o [7]
touchgfx::Slider::positionToValue(short) const
                         0x801'20cd     0x74  Code  Gb  Slider.o [7]
touchgfx::Slider::setBitmaps(touchgfx::Bitmap const &, touchgfx::Bitmap const &, touchgfx::Bitmap const &)
                         0x801'1ed7     0x36  Code  Gb  Slider.o [7]
touchgfx::Slider::setValue(int)
                         0x801'1faf     0x1a  Code  Gb  Slider.o [7]
touchgfx::Slider::setValueRange(int, int)
                         0x801'2251     0x1e  Code  Gb  Slider.o [7]
touchgfx::Slider::setValueRange(int, int, int)
                         0x801'2243      0xe  Code  Gb  Slider.o [7]
touchgfx::Slider::setupHorizontalSlider(unsigned short, unsigned short, unsigned short, unsigned short, unsigned short)
                         0x801'1f0d     0xa2  Code  Gb  Slider.o [7]
touchgfx::Slider::updateIndicatorPosition(short)
                         0x801'2141     0xe2  Code  Gb  Slider.o [7]
touchgfx::Slider::valueToPosition(int) const
                         0x801'2077     0x56  Code  Gb  Slider.o [7]
touchgfx::Slider::~Slider()
                         0x801'1ed5      0x2  Code  Gb  Slider.o [7]
touchgfx::TextArea::TextArea()
                         0x801'2289     0x30  Code  Gb  Screensaver2ViewBase.o [1]
touchgfx::TextArea::draw(touchgfx::Rect const &) const
                         0x801'1b2b     0x84  Code  Gb  TextArea.o [7]
touchgfx::TextArea::getSolidRect() const
                         0x801'7241     0x20  Code  Gb  Screensaver2ViewBase.o [1]
touchgfx::TextArea::getTextHeight()
                         0x801'1ad9     0x18  Code  Gb  TextArea.o [7]
touchgfx::TextArea::getTextHeightInternal(unsigned short const *, ...) const
                         0x801'1c23     0x72  Code  Gb  TextArea.o [7]
touchgfx::TextArea::getTextWidth() const
                         0x801'1af1     0x3a  Code  Gb  TextArea.o [7]
touchgfx::TextArea::resizeToCurrentText()
                         0x801'1bd1     0x52  Code  Gb  TextArea.o [7]
touchgfx::TextArea::setTypedText(touchgfx::TypedText)
                         0x801'1baf     0x22  Code  Gb  TextArea.o [7]
touchgfx::TextAreaWithOneWildcard::TextAreaWithOneWildcard()
                         0x801'2529     0x20  Code  Gb  Screen2ViewBase.o [1]
touchgfx::TextAreaWithOneWildcard::draw(touchgfx::Rect const &) const
                         0x801'57d5     0xa0  Code  Gb  Screen2ViewBase.o [1]
touchgfx::TextAreaWithOneWildcard::getTextHeight()
                         0x801'70fd     0x28  Code  Gb  Screen2ViewBase.o [1]
touchgfx::TextAreaWithOneWildcard::getTextWidth() const
                         0x801'6bd9     0x3e  Code  Gb  Screen2ViewBase.o [1]
touchgfx::TextAreaWithTwoWildcards::draw(touchgfx::Rect const &) const
                         0x801'51ed     0xa8  Code  Gb  Screensaver2ViewBase.o [1]
touchgfx::TextAreaWithTwoWildcards::getTextHeight()
                         0x801'6fe1     0x2a  Code  Gb  Screensaver2ViewBase.o [1]
touchgfx::TextAreaWithTwoWildcards::getTextWidth() const
                         0x801'6b55     0x42  Code  Gb  Screensaver2ViewBase.o [1]
touchgfx::TextAreaWithWildcardBase::calculateTextHeight(unsigned short const *, ...) const
                         0x801'5e35     0x7c  Code  Gb  TextAreaWithWildcard.o [7]
touchgfx::TextProvider::TextProvider()
                         0x800'324d      0x2  Code  Gb  TextProvider.o [7]
touchgfx::TextProvider::getNextChar()
                         0x800'3261     0x16  Code  Gb  TextProvider.o [7]
touchgfx::TextProvider::getNextCharInternal()
                         0x800'32ab     0x84  Code  Gb  TextProvider.o [7]
touchgfx::TextProvider::getNextLigature(unsigned char)
                         0x800'3277     0x34  Code  Gb  TextProvider.o [7]
touchgfx::TextProvider::initialize(unsigned short const *, __va_list)
                         0x800'332f      0x4  Code  Gb  TextProvider.o [7]
touchgfx::TextProvider::initializeInternal()
                         0x800'3333     0x42  Code  Gb  TextProvider.o [7]
touchgfx::TextProvider::unicodeConverterFunction
                        0x2000'a6d8      0x8  Data  Gb  Texts.o [1]
touchgfx::TextProvider::unicodeConverterInitFunction
                        0x2000'a6d0      0x8  Data  Gb  Texts.o [1]
touchgfx::Texts::currentLanguage
                        0x2000'a6e0      0x2  Data  Gb  Texts.o [1]
touchgfx::Texts::currentLanguagePtr
                        0x2000'a6e4      0x4  Data  Gb  Texts.o [1]
touchgfx::Texts::setLanguage(unsigned short)
                         0x800'c343     0x30  Code  Gb  Texts.o [1]
touchgfx::ToggleButton::ToggleButton()
                         0x801'1d75     0x46  Code  Gb  ToggleButton.o [7]
touchgfx::ToggleButton::handleClickEvent(touchgfx::ClickEvent const &)
                         0x801'1dc5     0x1e  Code  Gb  ToggleButton.o [7]
touchgfx::ToggleButton::setBitmaps(touchgfx::Bitmap const &, touchgfx::Bitmap const &)
                         0x801'23cb      0x8  Code  Gb  Screen1ViewBase.o [1]
touchgfx::TouchCalibration::matrix
                        0x2000'a42c     0x4c  Data  Gb  TouchCalibration.o [7]
touchgfx::TouchCalibration::muldiv(int, int, int, int, int, int, int &)
                         0x800'dae9     0x60  Code  Gb  TouchCalibration.o [7]
touchgfx::TouchCalibration::translatePoint(touchgfx::Point &)
                         0x800'db49     0x98  Code  Gb  TouchCalibration.o [7]
touchgfx::Transition::handleTickEvent()
                         0x801'14cb      0x2  Code  Gb  FrontendApplicationBase.o [1]
touchgfx::Transition::init()
                         0x801'1d1b      0x2  Code  Gb  FrontendApplicationBase.o [1]
touchgfx::Transition::setScreenContainer(touchgfx::Container &)
                         0x801'7609      0x4  Code  Gb  FrontendApplicationBase.o [1]
touchgfx::Transition::tearDown()
                         0x801'1abf      0x2  Code  Gb  FrontendApplicationBase.o [1]
touchgfx::Transition::~Transition()
                         0x801'14b7      0x2  Code  Gb  FrontendApplicationBase.o [1]
touchgfx::TypedText::assertValid() const
                         0x801'27d9     0x48  Code  Gb  Screensaver2ViewBase.o [1]
touchgfx::TypedText::assertValid() const::string (instance 2)
                         0x801'6b10     0x44  Data  Gb  Screensaver2ViewBase.o [1]
touchgfx::TypedText::assertValid() const::string (instance 3)
                         0x801'61ac     0x7c  Data  Gb  Screensaver2ViewBase.o [1]
touchgfx::TypedText::assertValid() const::string (instance 5)
                         0x801'68ac     0x54  Data  Gb  Screensaver2ViewBase.o [1]
touchgfx::TypedText::fonts
                        0x2000'a70c      0x4  Data  Gb  TypedText.o [7]
touchgfx::TypedText::getFont() const
                         0x801'2959     0x24  Code  Gb  Screensaver2ViewBase.o [1]
touchgfx::TypedText::getText() const
                         0x801'1ac1     0x18  Code  Gb  Screensaver2ViewBase.o [1]
touchgfx::TypedText::getTextDirection() const
                         0x801'5295     0x20  Code  Gb  Screensaver2ViewBase.o [1]
touchgfx::TypedText::numberOfTypedTexts
                        0x2000'a714      0x2  Data  Gb  TypedText.o [7]
touchgfx::TypedText::texts
                        0x2000'a708      0x4  Data  Gb  TypedText.o [7]
touchgfx::TypedText::typedTexts
                        0x2000'a704      0x4  Data  Gb  TypedText.o [7]
touchgfx::UIEventListener::handleClickEvent(touchgfx::ClickEvent const &)
                         0x801'7805      0x2  Code  Gb  Application.o [7]
touchgfx::UIEventListener::handleDragEvent(touchgfx::DragEvent const &)
                         0x801'7807      0x2  Code  Gb  Application.o [7]
touchgfx::UIEventListener::handleGestureEvent(touchgfx::GestureEvent const &)
                         0x801'7809      0x2  Code  Gb  Application.o [7]
touchgfx::UIEventListener::handleKeyEvent(unsigned char)
                         0x801'780b      0x2  Code  Gb  Application.o [7]
touchgfx::UIEventListener::handleTickEvent()
                         0x801'780d      0x2  Code  Gb  Application.o [7]
touchgfx::Unicode::atoi(unsigned short const *)
                         0x801'0aa5     0x20  Code  Gb  Unicode.o [7]
touchgfx::Unicode::composeString(unsigned short const *&, unsigned short, unsigned short const *, bool, bool, int, bool, int, bool, int &, unsigned short, unsigned short *)
                         0x801'0dff    0x14c  Code  Gb  Unicode.o [7]
touchgfx::Unicode::itoa(int, unsigned short *, unsigned short, int)
                         0x801'09fb     0x68  Code  Gb  Unicode.o [7]
touchgfx::Unicode::snprintf(unsigned short *, unsigned short, char const *, ...)
                         0x801'0dcd      0xe  Code  Gb  Unicode.o [7]
touchgfx::Unicode::strncpy(unsigned short *, char const *, unsigned short)
                         0x801'09d1     0x24  Code  Gb  Unicode.o [7]
touchgfx::Unicode::utoa(unsigned int, unsigned short *, unsigned short, int)
                         0x801'0a63     0x42  Code  Gb  Unicode.o [7]
touchgfx::Unicode::vsnprintf(unsigned short *, unsigned short, char const *, __va_list)
                         0x801'0ddb     0x24  Code  Gb  Unicode.o [7]
touchgfx::Unicode::vsnprintf(unsigned short *, unsigned short, unsigned short const *, __va_list)
                         0x801'0ac5    0x2fa  Code  Gb  Unicode.o [7]
touchgfx::Vector<touchgfx::Rect, (unsigned short)8>::add(touchgfx::Rect)
                         0x800'e6cf     0x28  Code  Gb  Application.o [7]
touchgfx::Vector<touchgfx::Rect, (unsigned short)8>::quickRemoveAt(unsigned short)
                         0x800'e5af     0x50  Code  Gb  Application.o [7]
touchgfx::View<Screen1Presenter>::~View()
                         0x801'2527      0x2  Code  Gb  Screen1ViewBase.o [1]
touchgfx::View<Screen2Presenter>::~View()
                         0x801'72df      0x2  Code  Gb  Screen2ViewBase.o [1]
touchgfx::View<Screensaver1Presenter>::~View()
                         0x801'77dd      0x2  Code  Gb  Screensaver1ViewBase.o [1]
touchgfx::View<Screensaver2Presenter>::~View()
                         0x801'77fd      0x2  Code  Gb  Screensaver2ViewBase.o [1]
touchgfx::Widget::Widget() [subobject]
                         0x801'2775      0xc  Code  Gb  Screensaver2ViewBase.o [1]
touchgfx::Widget::getLastChild(short, short, touchgfx::Drawable **)
                         0x800'cfb3     0x12  Code  Gb  Screensaver2ViewBase.o [1]
touchgfx::getHAL<STM32F7HAL>(touchgfx::DMA_Interface &, touchgfx::LCD &, touchgfx::TouchController &, int16_t, int16_t)::hal
                        0x2000'a2e0     0x68  Data  Lc  BoardConfiguration.o [1]
touchgfx::getHAL<STM32F7HAL>(touchgfx::DMA_Interface &, touchgfx::LCD &, touchgfx::TouchController &, int16_t, int16_t)::static guard for hal
                        0x2000'a2dc      0x1  Data  Lc  BoardConfiguration.o [1]
touchgfx::memset(void *, unsigned char, unsigned int)
                         0x801'1d0d      0xe  Code  Gb  Utils.o [7]
touchgfx::touchgfx_init()
                         0x800'705d     0x60  Code  Gb  BoardConfiguration.o [1]
tsDriver                0x2000'a584      0x4  Data  Lc  stm32746g_discovery_ts.o [1]
tsOrientation           0x2000'a57c      0x1  Data  Lc  stm32746g_discovery_ts.o [1]
tsXBoundary             0x2000'a57e      0x2  Data  Lc  stm32746g_discovery_ts.o [1]
tsYBoundary             0x2000'a580      0x2  Data  Lc  stm32746g_discovery_ts.o [1]
typedTextDatabaseArray   0x801'77c8      0x4  Data  Lc  TypedTextDatabase.o [1]
typedText_database_DEFAULT
                         0x801'7298     0x20  Data  Lc  TypedTextDatabase.o [1]
ucHeap                  0x2000'0d70   0x8000  Data  Lc  heap_4.o [1]
ucMaxSysCallPriority    0x2000'0af4      0x1  Data  Lc  port.o [1]
ulMaxPRIGROUPValue      0x2000'0afc      0x4  Data  Lc  port.o [1]
unicodes_calibri_20_4bpp
                         0x801'4810    0x1ec  Data  Gb  Font_calibri_20_4bpp.o [1]
unicodes_calibri_30_4bpp
                         0x801'3e0c    0x354  Data  Gb  Font_calibri_30_4bpp.o [1]
unicodes_calibri_40_4bpp
                         0x800'3424    0xcc4  Data  Gb  Font_calibri_40_4bpp.o [1]
unicodes_verdana_10_4bpp
                         0x801'7811      0x1  Data  Gb  Font_verdana_10_4bpp.o [1]
uwTick                  0x2000'0d0c      0x4  Data  Gb  stm32f7xx_hal.o [1]
uwTickFreq              0x2000'0d08      0x1  Data  Gb  stm32f7xx_hal.o [1]
uwTickPrio              0x2000'0d10      0x4  Data  Gb  stm32f7xx_hal.o [1]
uxCriticalNesting       0x2000'0af8      0x4  Data  Lc  port.o [1]
uxCurrentNumberOfTasks  0x2000'a1fc      0x4  Data  Lc  tasks.o [1]
uxDeletedTasksWaitingCleanUp
                        0x2000'a1e4      0x4  Data  Lc  tasks.o [1]
uxListRemove             0x800'ccad     0x28  Code  Gb  list.o [1]
uxPendedTicks           0x2000'a20c      0x4  Data  Lc  tasks.o [1]
uxSchedulerSuspended    0x2000'a220      0x4  Data  Lc  tasks.o [1]
uxTaskNumber            0x2000'a218      0x4  Data  Lc  tasks.o [1]
uxTopReadyPriority      0x2000'a204      0x4  Data  Lc  tasks.o [1]
vApplicationIdleHook     0x800'cf97      0x8  Code  Gb  OSWrappers.o [1]
vApplicationMallocFailedHook
                         0x800'cf95      0x2  Code  Gb  OSWrappers.o [1]
vApplicationStackOverflowHook
                         0x800'cf93      0x2  Code  Gb  OSWrappers.o [1]
vListInitialise          0x800'cc41     0x1a  Code  Gb  list.o [1]
vListInitialiseItem      0x800'cc5b      0x6  Code  Gb  list.o [1]
vListInsert              0x800'cc7b     0x32  Code  Gb  list.o [1]
vListInsertEnd           0x800'cc61     0x1a  Code  Gb  list.o [1]
vPortEnableVFP           0x800'e799           Code  Gb  portasm.o [1]
vPortEnterCritical       0x800'cdb7     0x3a  Code  Gb  port.o [1]
vPortExitCritical        0x800'cdf1     0x26  Code  Gb  port.o [1]
vPortFree                0x800'cb9b     0x46  Code  Gb  heap_4.o [1]
vPortStartFirstTask      0x800'e779           Code  Gb  portasm.o [1]
vPortValidateInterruptPriority
                         0x800'ce35     0x40  Code  Gb  port.o [1]
vTaskDelay               0x800'9df7     0x2a  Code  Gb  tasks.o [1]
vTaskInternalSetTimeOutState
                         0x800'a165      0xe  Code  Gb  tasks.o [1]
vTaskMissedYield         0x800'a1d5      0xa  Code  Gb  tasks.o [1]
vTaskPlaceOnEventList    0x800'a0e1     0x24  Code  Gb  tasks.o [1]
vTaskPriorityDisinheritAfterTimeout
                         0x800'a38b     0x8a  Code  Gb  tasks.o [1]
vTaskSetApplicationTaskTag
                         0x800'a01b     0x1c  Code  Gb  tasks.o [1]
vTaskStartScheduler      0x800'9e35     0x58  Code  Gb  tasks.o [1]
vTaskSuspendAll          0x800'9e8d      0xc  Code  Gb  tasks.o [1]
vTaskSwitchContext       0x800'a04d     0x94  Code  Gb  tasks.o [1]
vsync_q                 0x2000'0aec      0x4  Data  Lc  OSWrappers.o [1]
xBlockAllocatedBit      0x2000'0d6c      0x4  Data  Lc  heap_4.o [1]
xDelayedTaskList1       0x2000'a224     0x14  Data  Lc  tasks.o [1]
xDelayedTaskList2       0x2000'a238     0x14  Data  Lc  tasks.o [1]
xFreeBytesRemaining     0x2000'0d64      0x4  Data  Lc  heap_4.o [1]
xIdleTaskHandle         0x2000'a24c      0x4  Data  Lc  tasks.o [1]
xMinimumEverFreeBytesRemaining
                        0x2000'0d68      0x4  Data  Lc  heap_4.o [1]
xNextTaskUnblockTime    0x2000'a21c      0x4  Data  Lc  tasks.o [1]
xNumOfOverflows         0x2000'a214      0x4  Data  Lc  tasks.o [1]
xPendingReadyList       0x2000'a1b0     0x14  Data  Lc  tasks.o [1]
xPortStartScheduler      0x800'cd1d     0x86  Code  Gb  port.o [1]
xQueueGenericCreate      0x800'a57d     0x38  Code  Gb  queue.o [1]
xQueueGenericReset       0x800'a505     0x78  Code  Gb  queue.o [1]
xQueueGenericSend        0x800'a5df    0x11e  Code  Gb  queue.o [1]
xQueueGenericSendFromISR
                         0x800'a713     0x8a  Code  Gb  queue.o [1]
xQueueGiveFromISR        0x800'a79d     0x70  Code  Gb  queue.o [1]
xQueueReceive            0x800'a837     0xe6  Code  Gb  queue.o [1]
xQueueReceiveFromISR     0x800'aa81     0x76  Code  Gb  queue.o [1]
xQueueSemaphoreTake      0x800'a939    0x11e  Code  Gb  queue.o [1]
xSchedulerRunning       0x2000'a208      0x4  Data  Lc  tasks.o [1]
xStart                  0x2000'0d58      0x8  Data  Lc  heap_4.o [1]
xSuspendedTaskList      0x2000'a1e8     0x14  Data  Lc  tasks.o [1]
xTaskCallApplicationTaskHook
                         0x800'a037     0x16  Code  Gb  tasks.o [1]
xTaskCheckForTimeOut     0x800'a173     0x62  Code  Gb  tasks.o [1]
xTaskCreate              0x800'9c5d     0x58  Code  Gb  tasks.o [1]
xTaskGetSchedulerState   0x800'a263     0x18  Code  Gb  tasks.o [1]
xTaskGetTickCount        0x800'9f3f      0x8  Code  Gb  tasks.o [1]
xTaskGetTickCountFromISR
                         0x800'9f47      0xe  Code  Gb  tasks.o [1]
xTaskIncrementTick       0x800'9f55     0xbc  Code  Gb  tasks.o [1]
xTaskPriorityDisinherit
                         0x800'a2f7     0x70  Code  Gb  tasks.o [1]
xTaskPriorityInherit     0x800'a27b     0x7c  Code  Gb  tasks.o [1]
xTaskRemoveFromEventList
                         0x800'a105     0x56  Code  Gb  tasks.o [1]
xTaskResumeAll           0x800'9e99     0xa0  Code  Gb  tasks.o [1]
xTasksWaitingTermination
                        0x2000'a1c4     0x14  Data  Lc  tasks.o [1]
xTickCount              0x2000'a200      0x4  Data  Lc  tasks.o [1]
xYieldPending           0x2000'a210      0x4  Data  Lc  tasks.o [1]


[1] = C:\Users\Ward\Desktop\RadioGFX\RadioGFX\EWARM\RadioGFX\Obj
[2] = dl7M_tlf.a
[3] = dlpp7M_tl_fc.a
[4] = m7M_tls.a
[5] = rt7M_tl.a
[6] = shb_l.a
[7] = touchgfx_core_release.a

   83 020 bytes of readonly  code memory
  465 568 bytes of readonly  data memory
   44 313 bytes of readwrite data memory

Errors: none
Warnings: none
